map[string]interface{}{
	"matches": []string{
		"archive/tar/testdata", "archive/zip/testdata",
		"cmd/api/testdata",
		"cmd/asm/internal/asm/testdata",
		"cmd/cgo/internal/swig/testdata",
		"cmd/cgo/internal/testcarchive/testdata",
		"cmd/cgo/internal/testcshared/testdata",
		"cmd/cgo/internal/testerrors/testdata",
		"cmd/cgo/internal/testfortran/testdata",
		"cmd/cgo/internal/testgodefs/testdata",
		"cmd/cgo/internal/testlife/testdata",
		"cmd/cgo/internal/testplugin/altpath/testdata",
		"cmd/cgo/internal/testplugin/testdata",
		"cmd/cgo/internal/testsanitizers/testdata",
		"cmd/cgo/internal/testshared/testdata",
		"cmd/cgo/internal/testso/testdata",
		"cmd/cgo/internal/teststdio/testdata",
		"cmd/compile/internal/importer/testdata",
		"cmd/compile/internal/inline/inlheur/testdata",
		"cmd/compile/internal/loopvar/testdata",
		"cmd/compile/internal/ssa/testdata",
		"cmd/compile/internal/syntax/testdata",
		"cmd/compile/internal/test/testdata",
		"cmd/compile/internal/types2/testdata",
		"cmd/compile/testdata",
		"cmd/covdata/testdata",
		"cmd/cover/testdata",
		"cmd/go/internal/doc/testdata",
		"cmd/go/internal/imports/testdata",
		"cmd/go/internal/mmap/testdata",
		"cmd/go/internal/modfetch/zip_sum_test/testdata",
		"cmd/go/internal/modindex/testdata",
		"cmd/go/testdata",
		"cmd/gofmt/testdata",
		"cmd/internal/archive/testdata",
		"cmd/internal/buildid/testdata",
		"cmd/internal/cov/testdata",
		"cmd/internal/obj/riscv/testdata",
		"cmd/internal/pgo/testdata",
		"cmd/internal/test2json/testdata",
		"cmd/link/internal/ld/testdata",
		"cmd/link/testdata",
		"cmd/objdump/testdata",
		"cmd/pprof/testdata",
		"cmd/trace/testdata",
		"cmd/vet/testdata",
		"compress/bzip2/testdata",
		"compress/flate/testdata",
		"compress/gzip/testdata",
		"compress/testdata",
		"crypto/ecdsa/testdata",
		"crypto/ed25519/testdata",
		"crypto/internal/fips140/bigmod/testdata",
		"crypto/internal/fips140/rsa/testdata",
		"crypto/internal/hpke/testdata",
		"crypto/rsa/testdata",
		"crypto/tls/testdata",
		"crypto/x509/testdata",
		"debug/buildinfo/testdata",
		"debug/dwarf/testdata",
		"debug/elf/testdata",
		"debug/gosym/testdata",
		"debug/macho/testdata",
		"debug/pe/testdata",
		"debug/plan9obj/testdata",
		"embed/internal/embedtest/testdata",
		"encoding/json/internal/jsontest/testdata",
		"go/build/testdata",
		"go/doc/comment/testdata",
		"go/doc/testdata",
		"go/internal/gccgoimporter/testdata",
		"go/internal/gcimporter/testdata",
		"go/internal/srcimporter/testdata",
		"go/parser/testdata",
		"go/printer/testdata",
		"go/types/testdata",
		"html/template/testdata",
		"image/png/testdata",
		"image/testdata",
		"internal/abi/testdata",
		"internal/coverage/cfile/testdata",
		"internal/diff/testdata",
		"internal/runtime/wasitest/testdata",
		"internal/trace/internal/tracev1/testdata",
		"internal/trace/testdata",
		"internal/types/testdata",
		"internal/xcoff/testdata",
		"internal/zstd/testdata",
		"io/ioutil/testdata",
		"mime/multipart/testdata",
		"mime/testdata",
		"net/http/pprof/testdata",
		"net/http/testdata",
		"net/testdata",
		"os/testdata",
		"regexp/testdata",
		"runtime/debug/testdata",
		"runtime/pprof/testdata",
		"runtime/race/testdata",
		"runtime/testdata",
		"strconv/testdata",
		"testdata",
		"text/template/testdata",
		"time/testdata",
	},
	"reads": map[string]int{
		".":                                   1,
		"archive":                             1,
		"archive/tar":                         1,
		"archive/tar/testdata":                1,
		"archive/zip":                         1,
		"archive/zip/testdata":                1,
		"arena":                               1,
		"bufio":                               1,
		"builtin":                             1,
		"bytes":                               1,
		"cmd":                                 1,
		"cmd/addr2line":                       1,
		"cmd/api":                             1,
		"cmd/api/testdata":                    1,
		"cmd/api/testdata/src":                1,
		"cmd/api/testdata/src/issue21181":     1,
		"cmd/api/testdata/src/issue21181/dep": 1,
		"cmd/api/testdata/src/issue21181/indirect":                               1,
		"cmd/api/testdata/src/issue21181/p":                                      1,
		"cmd/api/testdata/src/issue29837":                                        1,
		"cmd/api/testdata/src/issue29837/p":                                      1,
		"cmd/api/testdata/src/issue64958":                                        1,
		"cmd/api/testdata/src/issue64958/p":                                      1,
		"cmd/api/testdata/src/pkg":                                               1,
		"cmd/api/testdata/src/pkg/p1":                                            1,
		"cmd/api/testdata/src/pkg/p2":                                            1,
		"cmd/api/testdata/src/pkg/p3":                                            1,
		"cmd/api/testdata/src/pkg/p4":                                            1,
		"cmd/asm":                                                                1,
		"cmd/asm/internal":                                                       1,
		"cmd/asm/internal/arch":                                                  1,
		"cmd/asm/internal/asm":                                                   1,
		"cmd/asm/internal/asm/testdata":                                          1,
		"cmd/asm/internal/asm/testdata/avx512enc":                                1,
		"cmd/asm/internal/flags":                                                 1,
		"cmd/asm/internal/lex":                                                   1,
		"cmd/buildid":                                                            1,
		"cmd/cgo":                                                                1,
		"cmd/cgo/internal":                                                       1,
		"cmd/cgo/internal/cgotest":                                               1,
		"cmd/cgo/internal/swig":                                                  1,
		"cmd/cgo/internal/swig/testdata":                                         1,
		"cmd/cgo/internal/swig/testdata/callback":                                1,
		"cmd/cgo/internal/swig/testdata/stdio":                                   1,
		"cmd/cgo/internal/test":                                                  1,
		"cmd/cgo/internal/test/gcc68255":                                         1,
		"cmd/cgo/internal/test/issue20266":                                       1,
		"cmd/cgo/internal/test/issue23555a":                                      1,
		"cmd/cgo/internal/test/issue23555b":                                      1,
		"cmd/cgo/internal/test/issue24161arg":                                    1,
		"cmd/cgo/internal/test/issue24161e0":                                     1,
		"cmd/cgo/internal/test/issue24161e1":                                     1,
		"cmd/cgo/internal/test/issue24161e2":                                     1,
		"cmd/cgo/internal/test/issue24161res":                                    1,
		"cmd/cgo/internal/test/issue26213":                                       1,
		"cmd/cgo/internal/test/issue26430":                                       1,
		"cmd/cgo/internal/test/issue26743":                                       1,
		"cmd/cgo/internal/test/issue27054":                                       1,
		"cmd/cgo/internal/test/issue27340":                                       1,
		"cmd/cgo/internal/test/issue29563":                                       1,
		"cmd/cgo/internal/test/issue30527":                                       1,
		"cmd/cgo/internal/test/issue41761a":                                      1,
		"cmd/cgo/internal/test/issue43639":                                       1,
		"cmd/cgo/internal/test/issue52611a":                                      1,
		"cmd/cgo/internal/test/issue52611b":                                      1,
		"cmd/cgo/internal/test/issue8756":                                        1,
		"cmd/cgo/internal/test/issue8828":                                        1,
		"cmd/cgo/internal/test/issue9026":                                        1,
		"cmd/cgo/internal/test/issue9400":                                        1,
		"cmd/cgo/internal/test/issue9510a":                                       1,
		"cmd/cgo/internal/test/issue9510b":                                       1,
		"cmd/cgo/internal/testcarchive":                                          1,
		"cmd/cgo/internal/testcarchive/testdata":                                 1,
		"cmd/cgo/internal/testcarchive/testdata/libgo":                           1,
		"cmd/cgo/internal/testcarchive/testdata/libgo10":                         1,
		"cmd/cgo/internal/testcarchive/testdata/libgo2":                          1,
		"cmd/cgo/internal/testcarchive/testdata/libgo3":                          1,
		"cmd/cgo/internal/testcarchive/testdata/libgo4":                          1,
		"cmd/cgo/internal/testcarchive/testdata/libgo6":                          1,
		"cmd/cgo/internal/testcarchive/testdata/libgo7":                          1,
		"cmd/cgo/internal/testcarchive/testdata/libgo8":                          1,
		"cmd/cgo/internal/testcarchive/testdata/libgo9":                          1,
		"cmd/cgo/internal/testcarchive/testdata/p":                               1,
		"cmd/cgo/internal/testcshared":                                           1,
		"cmd/cgo/internal/testcshared/testdata":                                  1,
		"cmd/cgo/internal/testcshared/testdata/go2c2go":                          1,
		"cmd/cgo/internal/testcshared/testdata/go2c2go/go":                       1,
		"cmd/cgo/internal/testcshared/testdata/go2c2go/m1":                       1,
		"cmd/cgo/internal/testcshared/testdata/go2c2go/m2":                       1,
		"cmd/cgo/internal/testcshared/testdata/issue36233":                       1,
		"cmd/cgo/internal/testcshared/testdata/issue68411":                       1,
		"cmd/cgo/internal/testcshared/testdata/libgo":                            1,
		"cmd/cgo/internal/testcshared/testdata/libgo2":                           1,
		"cmd/cgo/internal/testcshared/testdata/libgo4":                           1,
		"cmd/cgo/internal/testcshared/testdata/libgo5":                           1,
		"cmd/cgo/internal/testcshared/testdata/p":                                1,
		"cmd/cgo/internal/testerrors":                                            1,
		"cmd/cgo/internal/testerrors/testdata":                                   1,
		"cmd/cgo/internal/testfortran":                                           1,
		"cmd/cgo/internal/testfortran/testdata":                                  1,
		"cmd/cgo/internal/testfortran/testdata/helloworld":                       1,
		"cmd/cgo/internal/testfortran/testdata/testprog":                         1,
		"cmd/cgo/internal/testgodefs":                                            1,
		"cmd/cgo/internal/testgodefs/testdata":                                   1,
		"cmd/cgo/internal/testlife":                                              1,
		"cmd/cgo/internal/testlife/testdata":                                     1,
		"cmd/cgo/internal/testnocgo":                                             1,
		"cmd/cgo/internal/testplugin":                                            1,
		"cmd/cgo/internal/testplugin/altpath":                                    1,
		"cmd/cgo/internal/testplugin/altpath/testdata":                           1,
		"cmd/cgo/internal/testplugin/altpath/testdata/common":                    1,
		"cmd/cgo/internal/testplugin/altpath/testdata/plugin-mismatch":           1,
		"cmd/cgo/internal/testplugin/testdata":                                   1,
		"cmd/cgo/internal/testplugin/testdata/checkdwarf":                        1,
		"cmd/cgo/internal/testplugin/testdata/common":                            1,
		"cmd/cgo/internal/testplugin/testdata/forkexec":                          1,
		"cmd/cgo/internal/testplugin/testdata/host":                              1,
		"cmd/cgo/internal/testplugin/testdata/iface":                             1,
		"cmd/cgo/internal/testplugin/testdata/iface_a":                           1,
		"cmd/cgo/internal/testplugin/testdata/iface_b":                           1,
		"cmd/cgo/internal/testplugin/testdata/iface_i":                           1,
		"cmd/cgo/internal/testplugin/testdata/issue18584":                        1,
		"cmd/cgo/internal/testplugin/testdata/issue18676":                        1,
		"cmd/cgo/internal/testplugin/testdata/issue18676/dynamodbstreamsevt":     1,
		"cmd/cgo/internal/testplugin/testdata/issue19418":                        1,
		"cmd/cgo/internal/testplugin/testdata/issue19529":                        1,
		"cmd/cgo/internal/testplugin/testdata/issue19534":                        1,
		"cmd/cgo/internal/testplugin/testdata/issue22175":                        1,
		"cmd/cgo/internal/testplugin/testdata/issue22295.pkg":                    1,
		"cmd/cgo/internal/testplugin/testdata/issue24351":                        1,
		"cmd/cgo/internal/testplugin/testdata/issue25756":                        1,
		"cmd/cgo/internal/testplugin/testdata/issue25756/plugin":                 1,
		"cmd/cgo/internal/testplugin/testdata/issue44956":                        1,
		"cmd/cgo/internal/testplugin/testdata/issue44956/base":                   1,
		"cmd/cgo/internal/testplugin/testdata/issue52937":                        1,
		"cmd/cgo/internal/testplugin/testdata/issue53989":                        1,
		"cmd/cgo/internal/testplugin/testdata/issue53989/p":                      1,
		"cmd/cgo/internal/testplugin/testdata/issue62430":                        1,
		"cmd/cgo/internal/testplugin/testdata/issue67976":                        1,
		"cmd/cgo/internal/testplugin/testdata/issue75102":                        1,
		"cmd/cgo/internal/testplugin/testdata/mangle":                            1,
		"cmd/cgo/internal/testplugin/testdata/method":                            1,
		"cmd/cgo/internal/testplugin/testdata/method2":                           1,
		"cmd/cgo/internal/testplugin/testdata/method2/p":                         1,
		"cmd/cgo/internal/testplugin/testdata/method3":                           1,
		"cmd/cgo/internal/testplugin/testdata/method3/p":                         1,
		"cmd/cgo/internal/testplugin/testdata/plugin1":                           1,
		"cmd/cgo/internal/testplugin/testdata/plugin2":                           1,
		"cmd/cgo/internal/testplugin/testdata/sub":                               1,
		"cmd/cgo/internal/testplugin/testdata/sub/plugin1":                       1,
		"cmd/cgo/internal/testplugin/testdata/unnamed1":                          1,
		"cmd/cgo/internal/testplugin/testdata/unnamed2":                          1,
		"cmd/cgo/internal/testsanitizers":                                        1,
		"cmd/cgo/internal/testsanitizers/testdata":                               1,
		"cmd/cgo/internal/testsanitizers/testdata/asan_global_asm":               1,
		"cmd/cgo/internal/testsanitizers/testdata/asan_global_asm2_fail":         1,
		"cmd/cgo/internal/testsanitizers/testdata/asan_linkerx":                  1,
		"cmd/cgo/internal/testsanitizers/testdata/asan_linkerx/p":                1,
		"cmd/cgo/internal/testshared":                                            1,
		"cmd/cgo/internal/testshared/testdata":                                   1,
		"cmd/cgo/internal/testshared/testdata/dep2":                              1,
		"cmd/cgo/internal/testshared/testdata/dep3":                              1,
		"cmd/cgo/internal/testshared/testdata/depBase":                           1,
		"cmd/cgo/internal/testshared/testdata/depBaseInternal":                   1,
		"cmd/cgo/internal/testshared/testdata/division":                          1,
		"cmd/cgo/internal/testshared/testdata/exe":                               1,
		"cmd/cgo/internal/testshared/testdata/exe2":                              1,
		"cmd/cgo/internal/testshared/testdata/exe3":                              1,
		"cmd/cgo/internal/testshared/testdata/execgo":                            1,
		"cmd/cgo/internal/testshared/testdata/explicit":                          1,
		"cmd/cgo/internal/testshared/testdata/gcdata":                            1,
		"cmd/cgo/internal/testshared/testdata/gcdata/main":                       1,
		"cmd/cgo/internal/testshared/testdata/gcdata/p":                          1,
		"cmd/cgo/internal/testshared/testdata/global":                            1,
		"cmd/cgo/internal/testshared/testdata/globallib":                         1,
		"cmd/cgo/internal/testshared/testdata/iface":                             1,
		"cmd/cgo/internal/testshared/testdata/iface_a":                           1,
		"cmd/cgo/internal/testshared/testdata/iface_b":                           1,
		"cmd/cgo/internal/testshared/testdata/iface_i":                           1,
		"cmd/cgo/internal/testshared/testdata/implicit":                          1,
		"cmd/cgo/internal/testshared/testdata/implicitcmd":                       1,
		"cmd/cgo/internal/testshared/testdata/issue25065":                        1,
		"cmd/cgo/internal/testshared/testdata/issue30768":                        1,
		"cmd/cgo/internal/testshared/testdata/issue30768/issue30768lib":          1,
		"cmd/cgo/internal/testshared/testdata/issue39777":                        1,
		"cmd/cgo/internal/testshared/testdata/issue39777/a":                      1,
		"cmd/cgo/internal/testshared/testdata/issue39777/b":                      1,
		"cmd/cgo/internal/testshared/testdata/issue44031":                        1,
		"cmd/cgo/internal/testshared/testdata/issue44031/a":                      1,
		"cmd/cgo/internal/testshared/testdata/issue44031/b":                      1,
		"cmd/cgo/internal/testshared/testdata/issue44031/main":                   1,
		"cmd/cgo/internal/testshared/testdata/issue47837":                        1,
		"cmd/cgo/internal/testshared/testdata/issue47837/a":                      1,
		"cmd/cgo/internal/testshared/testdata/issue47837/main":                   1,
		"cmd/cgo/internal/testshared/testdata/issue58966":                        1,
		"cmd/cgo/internal/testshared/testdata/issue62277":                        1,
		"cmd/cgo/internal/testshared/testdata/issue62277/p":                      1,
		"cmd/cgo/internal/testshared/testdata/trivial":                           1,
		"cmd/cgo/internal/testso":                                                1,
		"cmd/cgo/internal/testso/testdata":                                       1,
		"cmd/cgo/internal/testso/testdata/so":                                    1,
		"cmd/cgo/internal/testso/testdata/sovar":                                 1,
		"cmd/cgo/internal/teststdio":                                             1,
		"cmd/cgo/internal/teststdio/testdata":                                    1,
		"cmd/cgo/internal/teststdio/testdata/stdio":                              1,
		"cmd/cgo/internal/testtls":                                               1,
		"cmd/compile":                                                            1,
		"cmd/compile/internal":                                                   1,
		"cmd/compile/internal/abi":                                               1,
		"cmd/compile/internal/abt":                                               1,
		"cmd/compile/internal/amd64":                                             1,
		"cmd/compile/internal/arm":                                               1,
		"cmd/compile/internal/arm64":                                             1,
		"cmd/compile/internal/base":                                              1,
		"cmd/compile/internal/bitvec":                                            1,
		"cmd/compile/internal/compare":                                           1,
		"cmd/compile/internal/coverage":                                          1,
		"cmd/compile/internal/deadlocals":                                        1,
		"cmd/compile/internal/devirtualize":                                      1,
		"cmd/compile/internal/dwarfgen":                                          1,
		"cmd/compile/internal/escape":                                            1,
		"cmd/compile/internal/gc":                                                1,
		"cmd/compile/internal/importer":                                          1,
		"cmd/compile/internal/importer/testdata":                                 1,
		"cmd/compile/internal/importer/testdata/versions":                        1,
		"cmd/compile/internal/inline":                                            1,
		"cmd/compile/internal/inline/inlheur":                                    1,
		"cmd/compile/internal/inline/inlheur/testdata":                           1,
		"cmd/compile/internal/inline/inlheur/testdata/props":                     1,
		"cmd/compile/internal/inline/interleaved":                                1,
		"cmd/compile/internal/ir":                                                1,
		"cmd/compile/internal/liveness":                                          1,
		"cmd/compile/internal/logopt":                                            1,
		"cmd/compile/internal/loong64":                                           1,
		"cmd/compile/internal/loopvar":                                           1,
		"cmd/compile/internal/loopvar/testdata":                                  1,
		"cmd/compile/internal/loopvar/testdata/inlines":                          1,
		"cmd/compile/internal/loopvar/testdata/inlines/a":                        1,
		"cmd/compile/internal/loopvar/testdata/inlines/b":                        1,
		"cmd/compile/internal/loopvar/testdata/inlines/c":                        1,
		"cmd/compile/internal/mips":                                              1,
		"cmd/compile/internal/mips64":                                            1,
		"cmd/compile/internal/noder":                                             1,
		"cmd/compile/internal/objw":                                              1,
		"cmd/compile/internal/pgoir":                                             1,
		"cmd/compile/internal/pkginit":                                           1,
		"cmd/compile/internal/ppc64":                                             1,
		"cmd/compile/internal/rangefunc":                                         1,
		"cmd/compile/internal/reflectdata":                                       1,
		"cmd/compile/internal/riscv64":                                           1,
		"cmd/compile/internal/rttype":                                            1,
		"cmd/compile/internal/s390x":                                             1,
		"cmd/compile/internal/ssa":                                               1,
		"cmd/compile/internal/ssa/_gen":                                          1,
		"cmd/compile/internal/ssa/_gen/vendor":                                   1,
		"cmd/compile/internal/ssa/_gen/vendor/golang.org":                        1,
		"cmd/compile/internal/ssa/_gen/vendor/golang.org/x":                      1,
		"cmd/compile/internal/ssa/_gen/vendor/golang.org/x/tools":                1,
		"cmd/compile/internal/ssa/_gen/vendor/golang.org/x/tools/go":             1,
		"cmd/compile/internal/ssa/_gen/vendor/golang.org/x/tools/go/ast":         1,
		"cmd/compile/internal/ssa/_gen/vendor/golang.org/x/tools/go/ast/astutil": 1,
		"cmd/compile/internal/ssa/testdata":                                      1,
		"cmd/compile/internal/ssagen":                                            1,
		"cmd/compile/internal/staticdata":                                        1,
		"cmd/compile/internal/staticinit":                                        1,
		"cmd/compile/internal/syntax":                                            1,
		"cmd/compile/internal/syntax/testdata":                                   1,
		"cmd/compile/internal/test":                                              1,
		"cmd/compile/internal/test/testdata":                                     1,
		"cmd/compile/internal/test/testdata/gen":                                 1,
		"cmd/compile/internal/test/testdata/mergelocals":                         1,
		"cmd/compile/internal/test/testdata/mysort":                              1,
		"cmd/compile/internal/test/testdata/pgo":                                 1,
		"cmd/compile/internal/test/testdata/pgo/devirtualize":                    1,
		"cmd/compile/internal/test/testdata/pgo/devirtualize/mult.pkg":           1,
		"cmd/compile/internal/test/testdata/pgo/inline":                          1,
		"cmd/compile/internal/test/testdata/reproducible":                        1,
		"cmd/compile/internal/typebits":                                          1,
		"cmd/compile/internal/typecheck":                                         1,
		"cmd/compile/internal/typecheck/_builtin":                                1,
		"cmd/compile/internal/types":                                             1,
		"cmd/compile/internal/types2":                                            1,
		"cmd/compile/internal/types2/testdata":                                   1,
		"cmd/compile/internal/types2/testdata/local":                             1,
		"cmd/compile/internal/walk":                                              1,
		"cmd/compile/internal/wasm":                                              1,
		"cmd/compile/internal/x86":                                               1,
		"cmd/compile/testdata":                                                   1,
		"cmd/compile/testdata/script":                                            1,
		"cmd/covdata":                                                            1,
		"cmd/covdata/testdata":                                                   1,
		"cmd/cover":                                                              1,
		"cmd/cover/testdata":                                                     1,
		"cmd/cover/testdata/html":                                                1,
		"cmd/cover/testdata/pkgcfg":                                              1,
		"cmd/cover/testdata/pkgcfg/a":                                            1,
		"cmd/cover/testdata/pkgcfg/noFuncsNoTests":                               1,
		"cmd/cover/testdata/pkgcfg/yesFuncsNoTests":                              1,
		"cmd/dist":                                                               1,
		"cmd/distpack":                                                           1,
		"cmd/fix":                                                                1,
		"cmd/go":                                                                 1,
		"cmd/go/internal":                                                        1,
		"cmd/go/internal/auth":                                                   1,
		"cmd/go/internal/base":                                                   1,
		"cmd/go/internal/bug":                                                    1,
		"cmd/go/internal/cache":                                                  1,
		"cmd/go/internal/cacheprog":                                              1,
		"cmd/go/internal/cfg":                                                    1,
		"cmd/go/internal/clean":                                                  1,
		"cmd/go/internal/cmdflag":                                                1,
		"cmd/go/internal/doc":                                                    1,
		"cmd/go/internal/doc/testdata":                                           1,
		"cmd/go/internal/doc/testdata/merge":                                     1,
		"cmd/go/internal/doc/testdata/nested":                                    1,
		"cmd/go/internal/doc/testdata/nested/empty":                              1,
		"cmd/go/internal/doc/testdata/nested/nested":                             1,
		"cmd/go/internal/envcmd":                                                 1,
		"cmd/go/internal/fips140":                                                1,
		"cmd/go/internal/fix":                                                    1,
		"cmd/go/internal/fmtcmd":                                                 1,
		"cmd/go/internal/fsys":                                                   1,
		"cmd/go/internal/generate":                                               1,
		"cmd/go/internal/gover":                                                  1,
		"cmd/go/internal/help":                                                   1,
		"cmd/go/internal/imports":                                                1,
		"cmd/go/internal/imports/testdata":                                       1,
		"cmd/go/internal/imports/testdata/android":                               1,
		"cmd/go/internal/imports/testdata/illumos":                               1,
		"cmd/go/internal/imports/testdata/star":                                  1,
		"cmd/go/internal/imports/testdata/test":                                  1,
		"cmd/go/internal/imports/testdata/test/child":                            1,
		"cmd/go/internal/list":                                                   1,
		"cmd/go/internal/load":                                                   1,
		"cmd/go/internal/lockedfile":                                             1,
		"cmd/go/internal/lockedfile/internal":                                    1,
		"cmd/go/internal/lockedfile/internal/filelock":                           1,
		"cmd/go/internal/mmap":                                                   1,
		"cmd/go/internal/mmap/testdata":                                          1,
		"cmd/go/internal/modcmd":                                                 1,
		"cmd/go/internal/modfetch":                                               1,
		"cmd/go/internal/modfetch/codehost":                                      1,
		"cmd/go/internal/modfetch/zip_sum_test":                                  1,
		"cmd/go/internal/modfetch/zip_sum_test/testdata":                         1,
		"cmd/go/internal/modget":                                                 1,
		"cmd/go/internal/modindex":                                               1,
		"cmd/go/internal/modindex/testdata":                                      1,
		"cmd/go/internal/modindex/testdata/ignore_non_source":                    1,
		"cmd/go/internal/modinfo":                                                1,
		"cmd/go/internal/modload":                                                1,
		"cmd/go/internal/mvs":                                                    1,
		"cmd/go/internal/run":                                                    1,
		"cmd/go/internal/search":                                                 1,
		"cmd/go/internal/str":                                                    1,
		"cmd/go/internal/telemetrycmd":                                           1,
		"cmd/go/internal/telemetrystats":                                         1,
		"cmd/go/internal/test":                                                   1,
		"cmd/go/internal/test/internal":                                          1,
		"cmd/go/internal/test/internal/genflags":                                 1,
		"cmd/go/internal/tool":                                                   1,
		"cmd/go/internal/toolchain":                                              1,
		"cmd/go/internal/trace":                                                  1,
		"cmd/go/internal/vcs":                                                    1,
		"cmd/go/internal/vcweb":                                                  1,
		"cmd/go/internal/vcweb/vcstest":                                          1,
		"cmd/go/internal/version":                                                1,
		"cmd/go/internal/vet":                                                    1,
		"cmd/go/internal/web":                                                    1,
		"cmd/go/internal/web/intercept":                                          1,
		"cmd/go/internal/work":                                                   1,
		"cmd/go/internal/workcmd":                                                1,
		"cmd/go/testdata":                                                        1,
		"cmd/go/testdata/mod":                                                    1,
		"cmd/go/testdata/script":                                                 1,
		"cmd/go/testdata/vcstest":                                                1,
		"cmd/go/testdata/vcstest/auth":                                           1,
		"cmd/go/testdata/vcstest/bzr":                                            1,
		"cmd/go/testdata/vcstest/fossil":                                         1,
		"cmd/go/testdata/vcstest/git":                                            1,
		"cmd/go/testdata/vcstest/go":                                             1,
		"cmd/go/testdata/vcstest/go/mod":                                         1,
		"cmd/go/testdata/vcstest/hg":                                             1,
		"cmd/go/testdata/vcstest/svn":                                            1,
		"cmd/gofmt":                                                              1,
		"cmd/gofmt/testdata":                                                     1,
		"cmd/internal":                                                           1,
		"cmd/internal/archive":                                                   1,
		"cmd/internal/archive/testdata":                                          1,
		"cmd/internal/archive/testdata/mycgo":                                    1,
		"cmd/internal/bio":                                                       1,
		"cmd/internal/bootstrap_test":                                            1,
		"cmd/internal/browser":                                                   1,
		"cmd/internal/buildid":                                                   1,
		"cmd/internal/buildid/testdata":                                          1,
		"cmd/internal/codesign":                                                  1,
		"cmd/internal/cov":                                                       1,
		"cmd/internal/cov/covcmd":                                                1,
		"cmd/internal/cov/testdata":                                              1,
		"cmd/internal/disasm":                                                    1,
		"cmd/internal/dwarf":                                                     1,
		"cmd/internal/edit":                                                      1,
		"cmd/internal/gcprog":                                                    1,
		"cmd/internal/goobj":                                                     1,
		"cmd/internal/hash":                                                      1,
		"cmd/internal/macho":                                                     1,
		"cmd/internal/metadata":                                                  1,
		"cmd/internal/moddeps":                                                   1,
		"cmd/internal/obj":                                                       1,
		"cmd/internal/obj/arm":                                                   1,
		"cmd/internal/obj/arm64":                                                 1,
		"cmd/internal/obj/loong64":                                               1,
		"cmd/internal/obj/mips":                                                  1,
		"cmd/internal/obj/ppc64":                                                 1,
		"cmd/internal/obj/riscv":                                                 1,
		"cmd/internal/obj/riscv/testdata":                                        1,
		"cmd/internal/obj/riscv/testdata/testbranch":                             1,
		"cmd/internal/obj/riscv/testdata/testminmax":                             1,
		"cmd/internal/obj/s390x":                                                 1,
		"cmd/internal/obj/wasm":                                                  1,
		"cmd/internal/obj/x86":                                                   1,
		"cmd/internal/objabi":                                                    1,
		"cmd/internal/objfile":                                                   1,
		"cmd/internal/osinfo":                                                    1,
		"cmd/internal/par":                                                       1,
		"cmd/internal/pathcache":                                                 1,
		"cmd/internal/pgo":                                                       1,
		"cmd/internal/pgo/testdata":                                              1,
		"cmd/internal/pgo/testdata/fuzz":                                         1,
		"cmd/internal/pgo/testdata/fuzz/FuzzRoundTrip":                           1,
		"cmd/internal/pkgpath":                                                   1,
		"cmd/internal/pkgpattern":                                                1,
		"cmd/internal/quoted":                                                    1,
		"cmd/internal/robustio":                                                  1,
		"cmd/internal/script":                                                    1,
		"cmd/internal/script/scripttest":                                         1,
		"cmd/internal/src":                                                       1,
		"cmd/internal/sys":                                                       1,
		"cmd/internal/telemetry":                                                 1,
		"cmd/internal/telemetry/counter":                                         1,
		"cmd/internal/test2json":                                                 1,
		"cmd/internal/test2json/testdata":                                        1,
		"cmd/internal/testdir":                                                   1,
		"cmd/link":                                                               1,
		"cmd/link/internal":                                                      1,
		"cmd/link/internal/amd64":                                                1,
		"cmd/link/internal/arm":                                                  1,
		"cmd/link/internal/arm64":                                                1,
		"cmd/link/internal/benchmark":                                            1,
		"cmd/link/internal/dwtest":                                               1,
		"cmd/link/internal/ld":                                                   1,
		"cmd/link/internal/ld/testdata":                                          1,
		"cmd/link/internal/ld/testdata/deadcode":                                 1,
		"cmd/link/internal/ld/testdata/httptest":                                 1,
		"cmd/link/internal/ld/testdata/httptest/main":                            1,
		"cmd/link/internal/ld/testdata/issue10978":                               1,
		"cmd/link/internal/ld/testdata/issue25459":                               1,
		"cmd/link/internal/ld/testdata/issue25459/a":                             1,
		"cmd/link/internal/ld/testdata/issue25459/main":                          1,
		"cmd/link/internal/ld/testdata/issue26237":                               1,
		"cmd/link/internal/ld/testdata/issue26237/b.dir":                         1,
		"cmd/link/internal/ld/testdata/issue26237/main":                          1,
		"cmd/link/internal/ld/testdata/issue32233":                               1,
		"cmd/link/internal/ld/testdata/issue32233/lib":                           1,
		"cmd/link/internal/ld/testdata/issue32233/main":                          1,
		"cmd/link/internal/ld/testdata/issue38192":                               1,
		"cmd/link/internal/ld/testdata/issue39256":                               1,
		"cmd/link/internal/ld/testdata/issue39757":                               1,
		"cmd/link/internal/ld/testdata/issue42484":                               1,
		"cmd/link/internal/ld/testdata/stackcheck":                               1,
		"cmd/link/internal/loadelf":                                              1,
		"cmd/link/internal/loader":                                               1,
		"cmd/link/internal/loadmacho":                                            1,
		"cmd/link/internal/loadpe":                                               1,
		"cmd/link/internal/loadxcoff":                                            1,
		"cmd/link/internal/loong64":                                              1,
		"cmd/link/internal/mips":                                                 1,
		"cmd/link/internal/mips64":                                               1,
		"cmd/link/internal/ppc64":                                                1,
		"cmd/link/internal/riscv64":                                              1,
		"cmd/link/internal/s390x":                                                1,
		"cmd/link/internal/sym":                                                  1,
		"cmd/link/internal/wasm":                                                 1,
		"cmd/link/internal/x86":                                                  1,
		"cmd/link/testdata":                                                      1,
		"cmd/link/testdata/dwarf":                                                1,
		"cmd/link/testdata/dwarf/issue65405":                                     1,
		"cmd/link/testdata/dynimportvar":                                         1,
		"cmd/link/testdata/dynimportvar/asm":                                     1,
		"cmd/link/testdata/linkname":                                             1,
		"cmd/link/testdata/linkname/coro_asm":                                    1,
		"cmd/link/testdata/linkname/p":                                           1,
		"cmd/link/testdata/linkname/textvar":                                     1,
		"cmd/link/testdata/pe-binutils":                                          1,
		"cmd/link/testdata/pe-llvm":                                              1,
		"cmd/link/testdata/script":                                               1,
		"cmd/link/testdata/testBuildFortvOS":                                     1,
		"cmd/link/testdata/testHashedSyms":                                       1,
		"cmd/link/testdata/testIndexMismatch":                                    1,
		"cmd/link/testdata/testRO":                                               1,
		"cmd/nm":                                                                 1,
		"cmd/objdump":                                                            1,
		"cmd/objdump/testdata":                                                   1,
		"cmd/objdump/testdata/testfilenum":                                       1,
		"cmd/pack":                                                               1,
		"cmd/pprof":                                                              1,
		"cmd/pprof/testdata":                                                     1,
		"cmd/preprofile":                                                         1,
		"cmd/relnote":                                                            1,
		"cmd/test2json":                                                          1,
		"cmd/tools":                                                              1,
		"cmd/trace":                                                              1,
		"cmd/trace/testdata":                                                     1,
		"cmd/trace/testdata/testprog":                                            1,
		"cmd/vendor":                                                             1,
		"cmd/vendor/github.com":                                                  1,
		"cmd/vendor/github.com/google":                                           1,
		"cmd/vendor/github.com/google/pprof":                                     1,
		"cmd/vendor/github.com/google/pprof/driver":                              1,
		"cmd/vendor/github.com/google/pprof/internal":                            1,
		"cmd/vendor/github.com/google/pprof/internal/binutils":                   1,
		"cmd/vendor/github.com/google/pprof/internal/driver":                     1,
		"cmd/vendor/github.com/google/pprof/internal/driver/html":                1,
		"cmd/vendor/github.com/google/pprof/internal/elfexec":                    1,
		"cmd/vendor/github.com/google/pprof/internal/graph":                      1,
		"cmd/vendor/github.com/google/pprof/internal/measurement":                1,
		"cmd/vendor/github.com/google/pprof/internal/plugin":                     1,
		"cmd/vendor/github.com/google/pprof/internal/report":                     1,
		"cmd/vendor/github.com/google/pprof/internal/symbolizer":                 1,
		"cmd/vendor/github.com/google/pprof/internal/symbolz":                    1,
		"cmd/vendor/github.com/google/pprof/internal/transport":                  1,
		"cmd/vendor/github.com/google/pprof/profile":                             1,
		"cmd/vendor/github.com/google/pprof/third_party":                         1,
		"cmd/vendor/github.com/google/pprof/third_party/svgpan":                  1,
		"cmd/vendor/github.com/ianlancetaylor":                                   1,
		"cmd/vendor/github.com/ianlancetaylor/demangle":                          1,
		"cmd/vendor/golang.org":                                                  1,
		"cmd/vendor/golang.org/x":                                                1,
		"cmd/vendor/golang.org/x/arch":                                           1,
		"cmd/vendor/golang.org/x/arch/arm":                                       1,
		"cmd/vendor/golang.org/x/arch/arm/armasm":                                1,
		"cmd/vendor/golang.org/x/arch/arm64":                                     1,
		"cmd/vendor/golang.org/x/arch/arm64/arm64asm":                            1,
		"cmd/vendor/golang.org/x/arch/loong64":                                   1,
		"cmd/vendor/golang.org/x/arch/loong64/loong64asm":                        1,
		"cmd/vendor/golang.org/x/arch/ppc64":                                     1,
		"cmd/vendor/golang.org/x/arch/ppc64/ppc64asm":                            1,
		"cmd/vendor/golang.org/x/arch/riscv64":                                   1,
		"cmd/vendor/golang.org/x/arch/riscv64/riscv64asm":                        1,
		"cmd/vendor/golang.org/x/arch/s390x":                                     1,
		"cmd/vendor/golang.org/x/arch/s390x/s390xasm":                            1,
		"cmd/vendor/golang.org/x/arch/x86":                                       1,
		"cmd/vendor/golang.org/x/arch/x86/x86asm":                                1,
		"cmd/vendor/golang.org/x/build":                                          1,
		"cmd/vendor/golang.org/x/build/relnote":                                  1,
		"cmd/vendor/golang.org/x/mod":                                            1,
		"cmd/vendor/golang.org/x/mod/internal":                                   1,
		"cmd/vendor/golang.org/x/mod/internal/lazyregexp":                        1,
		"cmd/vendor/golang.org/x/mod/modfile":                                    1,
		"cmd/vendor/golang.org/x/mod/module":                                     1,
		"cmd/vendor/golang.org/x/mod/semver":                                     1,
		"cmd/vendor/golang.org/x/mod/sumdb":                                      1,
		"cmd/vendor/golang.org/x/mod/sumdb/dirhash":                              1,
		"cmd/vendor/golang.org/x/mod/sumdb/note":                                 1,
		"cmd/vendor/golang.org/x/mod/sumdb/tlog":                                 1,
		"cmd/vendor/golang.org/x/mod/zip":                                        1,
		"cmd/vendor/golang.org/x/sync":                                           1,
		"cmd/vendor/golang.org/x/sync/errgroup":                                  1,
		"cmd/vendor/golang.org/x/sync/semaphore":                                 1,
		"cmd/vendor/golang.org/x/sys":                                            1,
		"cmd/vendor/golang.org/x/sys/plan9":                                      1,
		"cmd/vendor/golang.org/x/sys/unix":                                       1,
		"cmd/vendor/golang.org/x/sys/windows":                                    1,
		"cmd/vendor/golang.org/x/telemetry":                                      1,
		"cmd/vendor/golang.org/x/telemetry/counter":                              1,
		"cmd/vendor/golang.org/x/telemetry/counter/countertest":                  1,
		"cmd/vendor/golang.org/x/telemetry/internal":                             1,
		"cmd/vendor/golang.org/x/telemetry/internal/config":                      1,
		"cmd/vendor/golang.org/x/telemetry/internal/configstore":                 1,
		"cmd/vendor/golang.org/x/telemetry/internal/counter":                     1,
		"cmd/vendor/golang.org/x/telemetry/internal/crashmonitor":                1,
		"cmd/vendor/golang.org/x/telemetry/internal/mmap":                        1,
		"cmd/vendor/golang.org/x/telemetry/internal/telemetry":                   1,
		"cmd/vendor/golang.org/x/telemetry/internal/upload":                      1,
		"cmd/vendor/golang.org/x/term":                                           1,
		"cmd/vendor/golang.org/x/text":                                           1,
		"cmd/vendor/golang.org/x/text/cases":                                     1,
		"cmd/vendor/golang.org/x/text/internal":                                  1,
		"cmd/vendor/golang.org/x/text/internal/language":                         1,
		"cmd/vendor/golang.org/x/text/internal/language/compact":                 1,
		"cmd/vendor/golang.org/x/text/internal/tag":                              1,
		"cmd/vendor/golang.org/x/text/language":                                  1,
		"cmd/vendor/golang.org/x/text/transform":                                 1,
		"cmd/vendor/golang.org/x/text/unicode":                                   1,
		"cmd/vendor/golang.org/x/text/unicode/norm":                              1,
		"cmd/vendor/golang.org/x/tools":                                          1,
		"cmd/vendor/golang.org/x/tools/cmd":                                      1,
		"cmd/vendor/golang.org/x/tools/cmd/bisect":                               1,
		"cmd/vendor/golang.org/x/tools/cover":                                    1,
		"cmd/vendor/golang.org/x/tools/go":                                       1,
		"cmd/vendor/golang.org/x/tools/go/analysis":                              1,
		"cmd/vendor/golang.org/x/tools/go/analysis/internal":                     1,
		"cmd/vendor/golang.org/x/tools/go/analysis/internal/analysisflags":       1,
		"cmd/vendor/golang.org/x/tools/go/analysis/passes":                       1,
		"cmd/vendor/golang.org/x/tools/go/analysis/passes/appends":               1,
		"cmd/vendor/golang.org/x/tools/go/analysis/passes/asmdecl":               1,
		"cmd/vendor/golang.org/x/tools/go/analysis/passes/assign":                1,
		"cmd/vendor/golang.org/x/tools/go/analysis/passes/atomic":                1,
		"cmd/vendor/golang.org/x/tools/go/analysis/passes/bools":                 1,
		"cmd/vendor/golang.org/x/tools/go/analysis/passes/buildtag":              1,
		"cmd/vendor/golang.org/x/tools/go/analysis/passes/cgocall":               1,
		"cmd/vendor/golang.org/x/tools/go/analysis/passes/composite":             1,
		"cmd/vendor/golang.org/x/tools/go/analysis/passes/copylock":              1,
		"cmd/vendor/golang.org/x/tools/go/analysis/passes/ctrlflow":              1,
		"cmd/vendor/golang.org/x/tools/go/analysis/passes/defers":                1,
		"cmd/vendor/golang.org/x/tools/go/analysis/passes/directive":             1,
		"cmd/vendor/golang.org/x/tools/go/analysis/passes/errorsas":              1,
		"cmd/vendor/golang.org/x/tools/go/analysis/passes/framepointer":          1,
		"cmd/vendor/golang.org/x/tools/go/analysis/passes/hostport":              1,
		"cmd/vendor/golang.org/x/tools/go/analysis/passes/httpresponse":          1,
		"cmd/vendor/golang.org/x/tools/go/analysis/passes/ifaceassert":           1,
		"cmd/vendor/golang.org/x/tools/go/analysis/passes/inspect":               1,
		"cmd/vendor/golang.org/x/tools/go/analysis/passes/internal":              1,
		"cmd/vendor/golang.org/x/tools/go/analysis/passes/internal/analysisutil": 1,
		"cmd/vendor/golang.org/x/tools/go/analysis/passes/loopclosure":           1,
		"cmd/vendor/golang.org/x/tools/go/analysis/passes/lostcancel":            1,
		"cmd/vendor/golang.org/x/tools/go/analysis/passes/nilfunc":               1,
		"cmd/vendor/golang.org/x/tools/go/analysis/passes/printf":                1,
		"cmd/vendor/golang.org/x/tools/go/analysis/passes/shift":                 1,
		"cmd/vendor/golang.org/x/tools/go/analysis/passes/sigchanyzer":           1,
		"cmd/vendor/golang.org/x/tools/go/analysis/passes/slog":                  1,
		"cmd/vendor/golang.org/x/tools/go/analysis/passes/stdmethods":            1,
		"cmd/vendor/golang.org/x/tools/go/analysis/passes/stdversion":            1,
		"cmd/vendor/golang.org/x/tools/go/analysis/passes/stringintconv":         1,
		"cmd/vendor/golang.org/x/tools/go/analysis/passes/structtag":             1,
		"cmd/vendor/golang.org/x/tools/go/analysis/passes/testinggoroutine":      1,
		"cmd/vendor/golang.org/x/tools/go/analysis/passes/tests":                 1,
		"cmd/vendor/golang.org/x/tools/go/analysis/passes/timeformat":            1,
		"cmd/vendor/golang.org/x/tools/go/analysis/passes/unmarshal":             1,
		"cmd/vendor/golang.org/x/tools/go/analysis/passes/unreachable":           1,
		"cmd/vendor/golang.org/x/tools/go/analysis/passes/unsafeptr":             1,
		"cmd/vendor/golang.org/x/tools/go/analysis/passes/unusedresult":          1,
		"cmd/vendor/golang.org/x/tools/go/analysis/passes/waitgroup":             1,
		"cmd/vendor/golang.org/x/tools/go/analysis/unitchecker":                  1,
		"cmd/vendor/golang.org/x/tools/go/ast":                                   1,
		"cmd/vendor/golang.org/x/tools/go/ast/edge":                              1,
		"cmd/vendor/golang.org/x/tools/go/ast/inspector":                         1,
		"cmd/vendor/golang.org/x/tools/go/cfg":                                   1,
		"cmd/vendor/golang.org/x/tools/go/types":                                 1,
		"cmd/vendor/golang.org/x/tools/go/types/objectpath":                      1,
		"cmd/vendor/golang.org/x/tools/go/types/typeutil":                        1,
		"cmd/vendor/golang.org/x/tools/internal":                                 1,
		"cmd/vendor/golang.org/x/tools/internal/aliases":                         1,
		"cmd/vendor/golang.org/x/tools/internal/analysisinternal":                1,
		"cmd/vendor/golang.org/x/tools/internal/analysisinternal/typeindex":      1,
		"cmd/vendor/golang.org/x/tools/internal/astutil":                         1,
		"cmd/vendor/golang.org/x/tools/internal/bisect":                          1,
		"cmd/vendor/golang.org/x/tools/internal/diff":                            1,
		"cmd/vendor/golang.org/x/tools/internal/diff/lcs":                        1,
		"cmd/vendor/golang.org/x/tools/internal/facts":                           1,
		"cmd/vendor/golang.org/x/tools/internal/fmtstr":                          1,
		"cmd/vendor/golang.org/x/tools/internal/moreiters":                       1,
		"cmd/vendor/golang.org/x/tools/internal/stdlib":                          1,
		"cmd/vendor/golang.org/x/tools/internal/typeparams":                      1,
		"cmd/vendor/golang.org/x/tools/internal/typesinternal":                   1,
		"cmd/vendor/golang.org/x/tools/internal/typesinternal/typeindex":         1,
		"cmd/vendor/golang.org/x/tools/internal/versions":                        1,
		"cmd/vendor/rsc.io":                                                      1,
		"cmd/vendor/rsc.io/markdown":                                             1,
		"cmd/vet":                                                                1,
		"cmd/vet/testdata":                                                       1,
		"cmd/vet/testdata/appends":                                               1,
		"cmd/vet/testdata/asm":                                                   1,
		"cmd/vet/testdata/assign":                                                1,
		"cmd/vet/testdata/atomic":                                                1,
		"cmd/vet/testdata/bool":                                                  1,
		"cmd/vet/testdata/buildtag":                                              1,
		"cmd/vet/testdata/cgo":                                                   1,
		"cmd/vet/testdata/composite":                                             1,
		"cmd/vet/testdata/copylock":                                              1,
		"cmd/vet/testdata/deadcode":                                              1,
		"cmd/vet/testdata/directive":                                             1,
		"cmd/vet/testdata/hostport":                                              1,
		"cmd/vet/testdata/httpresponse":                                          1,
		"cmd/vet/testdata/lostcancel":                                            1,
		"cmd/vet/testdata/method":                                                1,
		"cmd/vet/testdata/nilfunc":                                               1,
		"cmd/vet/testdata/print":                                                 1,
		"cmd/vet/testdata/rangeloop":                                             1,
		"cmd/vet/testdata/shift":                                                 1,
		"cmd/vet/testdata/slog":                                                  1,
		"cmd/vet/testdata/stdversion":                                            1,
		"cmd/vet/testdata/structtag":                                             1,
		"cmd/vet/testdata/tagtest":                                               1,
		"cmd/vet/testdata/testingpkg":                                            1,
		"cmd/vet/testdata/unmarshal":                                             1,
		"cmd/vet/testdata/unsafeptr":                                             1,
		"cmd/vet/testdata/unused":                                                1,
		"cmd/vet/testdata/waitgroup":                                             1,
		"cmp":                                                                    1,
		"compress":                                                               1,
		"compress/bzip2":                                                         1,
		"compress/bzip2/testdata":                                                1,
		"compress/flate":                                                         1,
		"compress/flate/testdata":                                                1,
		"compress/gzip":                                                          1,
		"compress/gzip/testdata":                                                 1,
		"compress/lzw":                                                           1,
		"compress/testdata":                                                      1,
		"compress/zlib":                                                          1,
		"container":                                                              1,
		"container/heap":                                                         1,
		"container/list":                                                         1,
		"container/ring":                                                         1,
		"context":                                                                1,
		"crypto":                                                                 1,
		"crypto/aes":                                                             1,
		"crypto/boring":                                                          1,
		"crypto/cipher":                                                          1,
		"crypto/des":                                                             1,
		"crypto/dsa":                                                             1,
		"crypto/ecdh":                                                            1,
		"crypto/ecdsa":                                                           1,
		"crypto/ecdsa/testdata":                                                  1,
		"crypto/ed25519":                                                         1,
		"crypto/ed25519/testdata":                                                1,
		"crypto/elliptic":                                                        1,
		"crypto/fips140":                                                         1,
		"crypto/hkdf":                                                            1,
		"crypto/hmac":                                                            1,
		"crypto/internal":                                                        1,
		"crypto/internal/boring":                                                 1,
		"crypto/internal/boring/bbig":                                            1,
		"crypto/internal/boring/bcache":                                          1,
		"crypto/internal/boring/sig":                                             1,
		"crypto/internal/boring/syso":                                            1,
		"crypto/internal/cryptotest":                                             1,
		"crypto/internal/entropy":                                                1,
		"crypto/internal/fips140":                                                1,
		"crypto/internal/fips140/aes":                                            1,
		"crypto/internal/fips140/aes/_asm":                                       1,
		"crypto/internal/fips140/aes/_asm/ctr":                                   1,
		"crypto/internal/fips140/aes/_asm/standard":                              1,
		"crypto/internal/fips140/aes/gcm":                                        1,
		"crypto/internal/fips140/aes/gcm/_asm":                                   1,
		"crypto/internal/fips140/aes/gcm/_asm/gcm":                               1,
		"crypto/internal/fips140/alias":                                          1,
		"crypto/internal/fips140/bigmod":                                         1,
		"crypto/internal/fips140/bigmod/_asm":                                    1,
		"crypto/internal/fips140/bigmod/testdata":                                1,
		"crypto/internal/fips140/check":                                          1,
		"crypto/internal/fips140/check/checktest":                                1,
		"crypto/internal/fips140/drbg":                                           1,
		"crypto/internal/fips140/ecdh":                                           1,
		"crypto/internal/fips140/ecdsa":                                          1,
		"crypto/internal/fips140/ed25519":                                        1,
		"crypto/internal/fips140/edwards25519":                                   1,
		"crypto/internal/fips140/edwards25519/field":                             1,
		"crypto/internal/fips140/edwards25519/field/_asm":                        1,
		"crypto/internal/fips140/hkdf":                                           1,
		"crypto/internal/fips140/hmac":                                           1,
		"crypto/internal/fips140/mlkem":                                          1,
		"crypto/internal/fips140/nistec":                                         1,
		"crypto/internal/fips140/nistec/_asm":                                    1,
		"crypto/internal/fips140/nistec/fiat":                                    1,
		"crypto/internal/fips140/pbkdf2":                                         1,
		"crypto/internal/fips140/rsa":                                            1,
		"crypto/internal/fips140/rsa/testdata":                                   1,
		"crypto/internal/fips140/sha256":                                         1,
		"crypto/internal/fips140/sha256/_asm":                                    1,
		"crypto/internal/fips140/sha3":                                           1,
		"crypto/internal/fips140/sha3/_asm":                                      1,
		"crypto/internal/fips140/sha512":                                         1,
		"crypto/internal/fips140/sha512/_asm":                                    1,
		"crypto/internal/fips140/ssh":                                            1,
		"crypto/internal/fips140/subtle":                                         1,
		"crypto/internal/fips140/tls12":                                          1,
		"crypto/internal/fips140/tls13":                                          1,
		"crypto/internal/fips140cache":                                           1,
		"crypto/internal/fips140deps":                                            1,
		"crypto/internal/fips140deps/byteorder":                                  1,
		"crypto/internal/fips140deps/cpu":                                        1,
		"crypto/internal/fips140deps/godebug":                                    1,
		"crypto/internal/fips140hash":                                            1,
		"crypto/internal/fips140only":                                            1,
		"crypto/internal/fips140test":                                            1,
		"crypto/internal/hpke":                                                   1,
		"crypto/internal/hpke/testdata":                                          1,
		"crypto/internal/impl":                                                   1,
		"crypto/internal/randutil":                                               1,
		"crypto/internal/sysrand":                                                1,
		"crypto/internal/sysrand/internal":                                       1,
		"crypto/internal/sysrand/internal/seccomp":                               1,
		"crypto/md5":                             1,
		"crypto/md5/_asm":                        1,
		"crypto/mlkem":                           1,
		"crypto/pbkdf2":                          1,
		"crypto/rand":                            1,
		"crypto/rc4":                             1,
		"crypto/rsa":                             1,
		"crypto/rsa/testdata":                    1,
		"crypto/sha1":                            1,
		"crypto/sha1/_asm":                       1,
		"crypto/sha256":                          1,
		"crypto/sha3":                            1,
		"crypto/sha512":                          1,
		"crypto/subtle":                          1,
		"crypto/tls":                             1,
		"crypto/tls/fipsonly":                    1,
		"crypto/tls/internal":                    1,
		"crypto/tls/internal/fips140tls":         1,
		"crypto/tls/testdata":                    1,
		"crypto/x509":                            1,
		"crypto/x509/internal":                   1,
		"crypto/x509/internal/macos":             1,
		"crypto/x509/pkix":                       1,
		"crypto/x509/testdata":                   1,
		"crypto/x509/testdata/nist-pkits":        1,
		"crypto/x509/testdata/nist-pkits/certs":  1,
		"database":                               1,
		"database/sql":                           1,
		"database/sql/driver":                    1,
		"debug":                                  1,
		"debug/buildinfo":                        1,
		"debug/buildinfo/testdata":               1,
		"debug/buildinfo/testdata/fuzz":          1,
		"debug/buildinfo/testdata/fuzz/FuzzRead": 1,
		"debug/buildinfo/testdata/go117":         1,
		"debug/buildinfo/testdata/notgo":         1,
		"debug/dwarf":                            1,
		"debug/dwarf/testdata":                   1,
		"debug/elf":                              1,
		"debug/elf/testdata":                     1,
		"debug/gosym":                            1,
		"debug/gosym/testdata":                   1,
		"debug/macho":                            1,
		"debug/macho/testdata":                   1,
		"debug/pe":                               1,
		"debug/pe/testdata":                      1,
		"debug/plan9obj":                         1,
		"debug/plan9obj/testdata":                1,
		"embed":                                  1,
		"embed/internal":                         1,
		"embed/internal/embedtest":               1,
		"embed/internal/embedtest/testdata":      1,
		"embed/internal/embedtest/testdata/-not-hidden":   1,
		"embed/internal/embedtest/testdata/.hidden":       1,
		"embed/internal/embedtest/testdata/.hidden/.more": 1,
		"embed/internal/embedtest/testdata/.hidden/_more": 1,
		"embed/internal/embedtest/testdata/.hidden/more":  1,
		"embed/internal/embedtest/testdata/_hidden":       1,
		"embed/internal/embedtest/testdata/i":             1,
		"embed/internal/embedtest/testdata/i/j":           1,
		"embed/internal/embedtest/testdata/i/j/k":         1,
		"encoding":                                      1,
		"encoding/ascii85":                              1,
		"encoding/asn1":                                 1,
		"encoding/base32":                               1,
		"encoding/base64":                               1,
		"encoding/binary":                               1,
		"encoding/csv":                                  1,
		"encoding/gob":                                  1,
		"encoding/hex":                                  1,
		"encoding/json":                                 1,
		"encoding/json/internal":                        1,
		"encoding/json/internal/jsonflags":              1,
		"encoding/json/internal/jsonopts":               1,
		"encoding/json/internal/jsontest":               1,
		"encoding/json/internal/jsontest/testdata":      1,
		"encoding/json/internal/jsonwire":               1,
		"encoding/json/jsontext":                        1,
		"encoding/json/v2":                              1,
		"encoding/pem":                                  1,
		"encoding/xml":                                  1,
		"errors":                                        1,
		"expvar":                                        1,
		"flag":                                          1,
		"fmt":                                           1,
		"go":                                            1,
		"go/ast":                                        1,
		"go/build":                                      1,
		"go/build/constraint":                           1,
		"go/build/testdata":                             1,
		"go/build/testdata/alltags":                     1,
		"go/build/testdata/bads":                        1,
		"go/build/testdata/cgo_disabled":                1,
		"go/build/testdata/directives":                  1,
		"go/build/testdata/doc":                         1,
		"go/build/testdata/empty":                       1,
		"go/build/testdata/multi":                       1,
		"go/build/testdata/non_source_tags":             1,
		"go/build/testdata/other":                       1,
		"go/build/testdata/other/file":                  1,
		"go/build/testdata/withvendor":                  1,
		"go/build/testdata/withvendor/src":              1,
		"go/build/testdata/withvendor/src/a":            1,
		"go/build/testdata/withvendor/src/a/b":          1,
		"go/build/testdata/withvendor/src/a/vendor":     1,
		"go/build/testdata/withvendor/src/a/vendor/c":   1,
		"go/build/testdata/withvendor/src/a/vendor/c/d": 1,
		"go/constant":                                   1,
		"go/doc":                                        1,
		"go/doc/comment":                                1,
		"go/doc/comment/testdata":                       1,
		"go/doc/testdata":                               1,
		"go/doc/testdata/examples":                      1,
		"go/doc/testdata/pkgdoc":                        1,
		"go/format":                                     1,
		"go/importer":                                   1,
		"go/internal":                                   1,
		"go/internal/gccgoimporter":                     1,
		"go/internal/gccgoimporter/testdata":            1,
		"go/internal/gcimporter":                        1,
		"go/internal/gcimporter/testdata":               1,
		"go/internal/gcimporter/testdata/versions":      1,
		"go/internal/srcimporter":                       1,
		"go/internal/srcimporter/testdata":              1,
		"go/internal/srcimporter/testdata/issue20855":   1,
		"go/internal/srcimporter/testdata/issue23092":   1,
		"go/internal/srcimporter/testdata/issue24392":   1,
		"go/parser":                                     1,
		"go/parser/testdata":                            1,
		"go/parser/testdata/goversion":                  1,
		"go/parser/testdata/issue42951":                 1,
		"go/parser/testdata/issue42951/not_a_file.go":   1,
		"go/parser/testdata/resolution":                 1,
		"go/printer":                                    1,
		"go/printer/testdata":                           1,
		"go/scanner":                                    1,
		"go/token":                                      1,
		"go/types":                                      1,
		"go/types/testdata":                             1,
		"go/types/testdata/local":                       1,
		"go/version":                                    1,
		"hash":                                          1,
		"hash/adler32":                                  1,
		"hash/crc32":                                    1,
		"hash/crc64":                                    1,
		"hash/fnv":                                      1,
		"hash/maphash":                                  1,
		"html":                                          1,
		"html/template":                                 1,
		"html/template/testdata":                        1,
		"image":                                         1,
		"image/color":                                   1,
		"image/color/palette":                           1,
		"image/draw":                                    1,
		"image/gif":                                     1,
		"image/internal":                                1,
		"image/internal/imageutil":                      1,
		"image/jpeg":                                    1,
		"image/png":                                     1,
		"image/png/testdata":                            1,
		"image/png/testdata/pngsuite":                   1,
		"image/testdata":                                1,
		"index":                                         1,
		"index/suffixarray":                             1,
		"internal":                                      1,
		"internal/abi":                                  1,
		"internal/abi/testdata":                         1,
		"internal/asan":                                 1,
		"internal/bisect":                               1,
		"internal/buildcfg":                             1,
		"internal/bytealg":                              1,
		"internal/byteorder":                            1,
		"internal/cfg":                                  1,
		"internal/cgrouptest":                           1,
		"internal/chacha8rand":                          1,
		"internal/copyright":                            1,
		"internal/coverage":                             1,
		"internal/coverage/calloc":                      1,
		"internal/coverage/cfile":                       1,
		"internal/coverage/cfile/testdata":              1,
		"internal/coverage/cfile/testdata/issue56006":   1,
		"internal/coverage/cfile/testdata/issue59563":   1,
		"internal/coverage/cformat":                     1,
		"internal/coverage/cmerge":                      1,
		"internal/coverage/decodecounter":               1,
		"internal/coverage/decodemeta":                  1,
		"internal/coverage/encodecounter":               1,
		"internal/coverage/encodemeta":                  1,
		"internal/coverage/pods":                        1,
		"internal/coverage/rtcov":                       1,
		"internal/coverage/slicereader":                 1,
		"internal/coverage/slicewriter":                 1,
		"internal/coverage/stringtab":                   1,
		"internal/coverage/test":                        1,
		"internal/coverage/uleb128":                     1,
		"internal/cpu":                                  1,
		"internal/dag":                                  1,
		"internal/diff":                                 1,
		"internal/diff/testdata":                        1,
		"internal/exportdata":                           1,
		"internal/filepathlite":                         1,
		"internal/fmtsort":                              1,
		"internal/fuzz":                                 1,
		"internal/goarch":                               1,
		"internal/godebug":                              1,
		"internal/godebugs":                             1,
		"internal/goexperiment":                         1,
		"internal/goos":                                 1,
		"internal/goroot":                               1,
		"internal/gover":                                1,
		"internal/goversion":                            1,
		"internal/itoa":                                 1,
		"internal/lazyregexp":                           1,
		"internal/lazytemplate":                         1,
		"internal/msan":                                 1,
		"internal/nettrace":                             1,
		"internal/obscuretestdata":                      1,
		"internal/oserror":                              1,
		"internal/pkgbits":                              1,
		"internal/platform":                             1,
		"internal/poll":                                 1,
		"internal/profile":                              1,
		"internal/profilerecord":                        1,
		"internal/race":                                 1,
		"internal/reflectlite":                          1,
		"internal/routebsd":                             1,
		"internal/runtime":                              1,
		"internal/runtime/atomic":                       1,
		"internal/runtime/cgobench":                     1,
		"internal/runtime/cgroup":                       1,
		"internal/runtime/exithook":                     1,
		"internal/runtime/gc":                           1,
		"internal/runtime/gc/internal":                  1,
		"internal/runtime/gc/internal/gen":              1,
		"internal/runtime/gc/scan":                      1,
		"internal/runtime/maps":                         1,
		"internal/runtime/math":                         1,
		"internal/runtime/startlinetest":                1,
		"internal/runtime/strconv":                      1,
		"internal/runtime/sys":                          1,
		"internal/runtime/syscall":                      1,
		"internal/runtime/syscall/linux":                1,
		"internal/runtime/syscall/windows":              1,
		"internal/runtime/wasitest":                     1,
		"internal/runtime/wasitest/testdata":            1,
		"internal/saferio":                              1,
		"internal/singleflight":                         1,
		"internal/stringslite":                          1,
		"internal/sync":                                 1,
		"internal/synctest":                             1,
		"internal/syscall":                              1,
		"internal/syscall/execenv":                      1,
		"internal/syscall/unix":                         1,
		"internal/syscall/windows":                      1,
		"internal/syscall/windows/registry":             1,
		"internal/syscall/windows/sysdll":               1,
		"internal/sysinfo":                              1,
		"internal/syslist":                              1,
		"internal/testenv":                              1,
		"internal/testhash":                             1,
		"internal/testlog":                              1,
		"internal/testpty":                              1,
		"internal/trace":                                1,
		"internal/trace/internal":                       1,
		"internal/trace/internal/testgen":               1,
		"internal/trace/internal/tracev1":               1,
		"internal/trace/internal/tracev1/testdata":      1,
		"internal/trace/raw":                            1,
		"internal/trace/testdata":                       1,
		"internal/trace/testdata/fuzz":                  1,
		"internal/trace/testdata/fuzz/FuzzReader":       1,
		"internal/trace/testdata/generators":            1,
		"internal/trace/testdata/testprog":              1,
		"internal/trace/testdata/tests":                 1,
		"internal/trace/testtrace":                      1,
		"internal/trace/tracev2":                        1,
		"internal/trace/traceviewer":                    1,
		"internal/trace/traceviewer/format":             1,
		"internal/trace/traceviewer/static":             1,
		"internal/trace/version":                        1,
		"internal/txtar":                                1,
		"internal/types":                                1,
		"internal/types/errors":                         1,
		"internal/types/testdata":                       1,
		"internal/types/testdata/check":                 1,
		"internal/types/testdata/check/decls2":          1,
		"internal/types/testdata/check/importdecl0":     1,
		"internal/types/testdata/check/importdecl1":     1,
		"internal/types/testdata/check/issue25008":      1,
		"internal/types/testdata/examples":              1,
		"internal/types/testdata/fixedbugs":             1,
		"internal/types/testdata/spec":                  1,
		"internal/unsafeheader":                         1,
		"internal/xcoff":                                1,
		"internal/xcoff/testdata":                       1,
		"internal/zstd":                                 1,
		"internal/zstd/testdata":                        1,
		"io":                                            1,
		"io/fs":                                         1,
		"io/ioutil":                                     1,
		"io/ioutil/testdata":                            1,
		"iter":                                          1,
		"log":                                           1,
		"log/internal":                                  1,
		"log/slog":                                      1,
		"log/slog/internal":                             1,
		"log/slog/internal/benchmarks":                  1,
		"log/slog/internal/buffer":                      1,
		"log/syslog":                                    1,
		"maps":                                          1,
		"math":                                          1,
		"math/big":                                      1,
		"math/big/internal":                             1,
		"math/big/internal/asmgen":                      1,
		"math/bits":                                     1,
		"math/cmplx":                                    1,
		"math/rand":                                     1,
		"math/rand/v2":                                  1,
		"mime":                                          1,
		"mime/multipart":                                1,
		"mime/multipart/testdata":                       1,
		"mime/quotedprintable":                          1,
		"mime/testdata":                                 1,
		"net":                                           1,
		"net/http":                                      1,
		"net/http/cgi":                                  1,
		"net/http/cookiejar":                            1,
		"net/http/fcgi":                                 1,
		"net/http/httptest":                             1,
		"net/http/httptrace":                            1,
		"net/http/httputil":                             1,
		"net/http/internal":                             1,
		"net/http/internal/ascii":                       1,
		"net/http/internal/httpcommon":                  1,
		"net/http/internal/testcert":                    1,
		"net/http/pprof":                                1,
		"net/http/pprof/testdata":                       1,
		"net/http/testdata":                             1,
		"net/internal":                                  1,
		"net/internal/cgotest":                          1,
		"net/internal/socktest":                         1,
		"net/mail":                                      1,
		"net/netip":                                     1,
		"net/rpc":                                       1,
		"net/rpc/jsonrpc":                               1,
		"net/smtp":                                      1,
		"net/testdata":                                  1,
		"net/textproto":                                 1,
		"net/url":                                       1,
		"os":                                            1,
		"os/exec":                                       1,
		"os/exec/internal":                              1,
		"os/exec/internal/fdtest":                       1,
		"os/signal":                                     1,
		"os/testdata":                                   1,
		"os/testdata/dirfs":                             1,
		"os/testdata/dirfs/dir":                         1,
		"os/testdata/issue37161":                        1,
		"os/user":                                       1,
		"path":                                          1,
		"path/filepath":                                 1,
		"plugin":                                        1,
		"reflect":                                       1,
		"reflect/internal":                              1,
		"reflect/internal/example1":                     1,
		"reflect/internal/example2":                     1,
		"regexp":                                        1,
		"regexp/syntax":                                 1,
		"regexp/testdata":                               1,
		"runtime":                                       1,
		"runtime/_mkmalloc":                             1,
		"runtime/_mkmalloc/astutil":                     1,
		"runtime/asan":                                  1,
		"runtime/cgo":                                   1,
		"runtime/coverage":                              1,
		"runtime/debug":                                 1,
		"runtime/debug/testdata":                        1,
		"runtime/debug/testdata/fuzz":                   1,
		"runtime/debug/testdata/fuzz/FuzzParseBuildInfoRoundTrip": 1,
		"runtime/metrics":                           1,
		"runtime/msan":                              1,
		"runtime/pprof":                             1,
		"runtime/pprof/testdata":                    1,
		"runtime/pprof/testdata/mappingtest":        1,
		"runtime/race":                              1,
		"runtime/race/internal":                     1,
		"runtime/race/internal/amd64v1":             1,
		"runtime/race/internal/amd64v3":             1,
		"runtime/race/testdata":                     1,
		"runtime/testdata":                          1,
		"runtime/testdata/testexithooks":            1,
		"runtime/testdata/testfaketime":             1,
		"runtime/testdata/testfds":                  1,
		"runtime/testdata/testprog":                 1,
		"runtime/testdata/testprogcgo":              1,
		"runtime/testdata/testprogcgo/windows":      1,
		"runtime/testdata/testprognet":              1,
		"runtime/testdata/testsuid":                 1,
		"runtime/testdata/testsynctest":             1,
		"runtime/testdata/testsyscall":              1,
		"runtime/testdata/testsyscall/testsyscallc": 1,
		"runtime/testdata/testwinlib":               1,
		"runtime/testdata/testwinlibsignal":         1,
		"runtime/testdata/testwinlibthrow":          1,
		"runtime/testdata/testwinsignal":            1,
		"runtime/testdata/testwintls":               1,
		"runtime/trace":                             1,
		"slices":                                    1,
		"sort":                                      1,
		"strconv":                                   1,
		"strconv/testdata":                          1,
		"strings":                                   1,
		"structs":                                   1,
		"sync":                                      1,
		"sync/atomic":                               1,
		"syscall":                                   1,
		"syscall/js":                                1,
		"testdata":                                  1,
		"testing":                                   1,
		"testing/fstest":                            1,
		"testing/internal":                          1,
		"testing/internal/testdeps":                 1,
		"testing/iotest":                            1,
		"testing/quick":                             1,
		"testing/slogtest":                          1,
		"testing/synctest":                          1,
		"text":                                      1,
		"text/scanner":                              1,
		"text/tabwriter":                            1,
		"text/template":                             1,
		"text/template/parse":                       1,
		"text/template/testdata":                    1,
		"time":                                      1,
		"time/testdata":                             1,
		"time/tzdata":                               1,
		"unicode":                                   1,
		"unicode/utf16":                             1,
		"unicode/utf8":                              1,
		"unique":                                    1,
		"unsafe":                                    1,
		"vendor":                                    1,
		"vendor/golang.org":                         1,
		"vendor/golang.org/x":                       1,
		"vendor/golang.org/x/crypto":                1,
		"vendor/golang.org/x/crypto/chacha20":       1,
		"vendor/golang.org/x/crypto/chacha20poly1305":  1,
		"vendor/golang.org/x/crypto/cryptobyte":        1,
		"vendor/golang.org/x/crypto/cryptobyte/asn1":   1,
		"vendor/golang.org/x/crypto/internal":          1,
		"vendor/golang.org/x/crypto/internal/alias":    1,
		"vendor/golang.org/x/crypto/internal/poly1305": 1,
		"vendor/golang.org/x/net":                      1,
		"vendor/golang.org/x/net/dns":                  1,
		"vendor/golang.org/x/net/dns/dnsmessage":       1,
		"vendor/golang.org/x/net/http":                 1,
		"vendor/golang.org/x/net/http/httpguts":        1,
		"vendor/golang.org/x/net/http/httpproxy":       1,
		"vendor/golang.org/x/net/http2":                1,
		"vendor/golang.org/x/net/http2/hpack":          1,
		"vendor/golang.org/x/net/idna":                 1,
		"vendor/golang.org/x/net/lif":                  1,
		"vendor/golang.org/x/net/nettest":              1,
		"vendor/golang.org/x/sys":                      1,
		"vendor/golang.org/x/sys/cpu":                  1,
		"vendor/golang.org/x/text":                     1,
		"vendor/golang.org/x/text/secure":              1,
		"vendor/golang.org/x/text/secure/bidirule":     1,
		"vendor/golang.org/x/text/transform":           1,
		"vendor/golang.org/x/text/unicode":             1,
		"vendor/golang.org/x/text/unicode/bidi":        1,
		"vendor/golang.org/x/text/unicode/norm":        1,
		"weak":                                         1,
	},
}
