map[string]interface{}{
	"matches": []string{
		"cmd/vet/testdata/appends/appends.go",
		"cmd/vet/testdata/asm/asm.go",
		"cmd/vet/testdata/asm/asm1.s",
		"cmd/vet/testdata/assign/assign.go",
		"cmd/vet/testdata/atomic/atomic.go",
		"cmd/vet/testdata/bool/bool.go",
		"cmd/vet/testdata/buildtag/buildtag.go",
		"cmd/vet/testdata/buildtag/buildtag2.go",
		"cmd/vet/testdata/buildtag/buildtag3.go",
		"cmd/vet/testdata/buildtag/buildtag4.go",
		"cmd/vet/testdata/buildtag/buildtag5.go",
		"cmd/vet/testdata/buildtag/buildtag6.s",
		"cmd/vet/testdata/buildtag/buildtag7.s",
		"cmd/vet/testdata/cgo/cgo.go",
		"cmd/vet/testdata/composite/composite.go",
		"cmd/vet/testdata/copylock/copylock.go",
		"cmd/vet/testdata/deadcode/deadcode.go",
		"cmd/vet/testdata/directive/directive.go",
		"cmd/vet/testdata/hostport/hostport.go",
		"cmd/vet/testdata/httpresponse/httpresponse.go",
		"cmd/vet/testdata/lostcancel/lostcancel.go",
		"cmd/vet/testdata/method/method.go",
		"cmd/vet/testdata/nilfunc/nilfunc.go",
		"cmd/vet/testdata/print/print.go",
		"cmd/vet/testdata/rangeloop/go.mod",
		"cmd/vet/testdata/rangeloop/rangeloop.go",
		"cmd/vet/testdata/shift/shift.go",
		"cmd/vet/testdata/slog/slog.go",
		"cmd/vet/testdata/stdversion/go.mod",
		"cmd/vet/testdata/stdversion/stdversion.go",
		"cmd/vet/testdata/structtag/structtag.go",
		"cmd/vet/testdata/tagtest/file1.go",
		"cmd/vet/testdata/tagtest/file2.go",
		"cmd/vet/testdata/testingpkg/tests.go",
		"cmd/vet/testdata/testingpkg/tests_test.go",
		"cmd/vet/testdata/unmarshal/unmarshal.go",
		"cmd/vet/testdata/unsafeptr/unsafeptr.go",
		"cmd/vet/testdata/unused/unused.go",
		"cmd/vet/testdata/waitgroup/waitgroup.go",
	},
	"reads": map[string]int{
		"cmd/vet/testdata":              1,
		"cmd/vet/testdata/appends":      1,
		"cmd/vet/testdata/asm":          1,
		"cmd/vet/testdata/assign":       1,
		"cmd/vet/testdata/atomic":       1,
		"cmd/vet/testdata/bool":         1,
		"cmd/vet/testdata/buildtag":     1,
		"cmd/vet/testdata/cgo":          1,
		"cmd/vet/testdata/composite":    1,
		"cmd/vet/testdata/copylock":     1,
		"cmd/vet/testdata/deadcode":     1,
		"cmd/vet/testdata/directive":    1,
		"cmd/vet/testdata/hostport":     1,
		"cmd/vet/testdata/httpresponse": 1,
		"cmd/vet/testdata/lostcancel":   1,
		"cmd/vet/testdata/method":       1,
		"cmd/vet/testdata/nilfunc":      1,
		"cmd/vet/testdata/print":        1,
		"cmd/vet/testdata/rangeloop":    1,
		"cmd/vet/testdata/shift":        1,
		"cmd/vet/testdata/slog":         1,
		"cmd/vet/testdata/stdversion":   1,
		"cmd/vet/testdata/structtag":    1,
		"cmd/vet/testdata/tagtest":      1,
		"cmd/vet/testdata/testingpkg":   1,
		"cmd/vet/testdata/unmarshal":    1,
		"cmd/vet/testdata/unsafeptr":    1,
		"cmd/vet/testdata/unused":       1,
		"cmd/vet/testdata/waitgroup":    1,
	},
}
