map[string]interface{}{
	"matches": []string{
		"cmd/compile/testdata/script/README",
		"cmd/compile/testdata/script/dwarf5_gen_assembly_and_go.txt",
		"cmd/compile/testdata/script/embedbad.txt",
		"cmd/compile/testdata/script/issue70173.txt",
		"cmd/compile/testdata/script/issue73947.txt",
		"cmd/compile/testdata/script/script_test_basics.txt",
		"cmd/go/testdata/script/README",
		"cmd/go/testdata/script/autocgo.txt",
		"cmd/go/testdata/script/badgo.txt",
		"cmd/go/testdata/script/bug.txt",
		"cmd/go/testdata/script/build_GOTMPDIR.txt",
		"cmd/go/testdata/script/build_acl_windows.txt",
		"cmd/go/testdata/script/build_arm.txt",
		"cmd/go/testdata/script/build_buildvcs_auto.txt",
		"cmd/go/testdata/script/build_cache_arch_mode.txt",
		"cmd/go/testdata/script/build_cache_compile.txt",
		"cmd/go/testdata/script/build_cache_disabled.txt",
		"cmd/go/testdata/script/build_cache_gomips.txt",
		"cmd/go/testdata/script/build_cache_link.txt",
		"cmd/go/testdata/script/build_cache_output.txt",
		"cmd/go/testdata/script/build_cache_pgo.txt",
		"cmd/go/testdata/script/build_cache_trimpath.txt",
		"cmd/go/testdata/script/build_cacheprog_issue70848.txt",
		"cmd/go/testdata/script/build_cc_cache_issue64423.txt",
		"cmd/go/testdata/script/build_cc_cache_issue64589.txt",
		"cmd/go/testdata/script/build_cd_gopath_different.txt",
		"cmd/go/testdata/script/build_cgo_consistent_results.txt",
		"cmd/go/testdata/script/build_cgo_error.txt",
		"cmd/go/testdata/script/build_concurrent_backend.txt",
		"cmd/go/testdata/script/build_cwd_newline.txt",
		"cmd/go/testdata/script/build_darwin_cc_arch.txt",
		"cmd/go/testdata/script/build_dash_n_cgo.txt",
		"cmd/go/testdata/script/build_dash_o_dev_null.txt",
		"cmd/go/testdata/script/build_dash_x.txt",
		"cmd/go/testdata/script/build_exe.txt",
		"cmd/go/testdata/script/build_gcflags.txt",
		"cmd/go/testdata/script/build_gcflags_order.txt",
		"cmd/go/testdata/script/build_git_missing_tree.txt",
		"cmd/go/testdata/script/build_git_sha256_go_get_branch.txt",
		"cmd/go/testdata/script/build_git_sha256_moddep.txt",
		"cmd/go/testdata/script/build_gopath_order.txt",
		"cmd/go/testdata/script/build_ignore_leading_bom.txt",
		"cmd/go/testdata/script/build_ignoredirective.txt",
		"cmd/go/testdata/script/build_import_comment.txt",
		"cmd/go/testdata/script/build_import_cycle.txt",
		"cmd/go/testdata/script/build_internal.txt",
		"cmd/go/testdata/script/build_issue59571.txt",
		"cmd/go/testdata/script/build_issue62156.txt",
		"cmd/go/testdata/script/build_issue6480.txt",
		"cmd/go/testdata/script/build_issue68658.txt",
		"cmd/go/testdata/script/build_issue_65528.txt",
		"cmd/go/testdata/script/build_json.txt",
		"cmd/go/testdata/script/build_link_x_import_path_escape.txt",
		"cmd/go/testdata/script/build_multi_main.txt",
		"cmd/go/testdata/script/build_n_cgo.txt",
		"cmd/go/testdata/script/build_negative_p.txt",
		"cmd/go/testdata/script/build_no_go.txt",
		"cmd/go/testdata/script/build_nocache.txt",
		"cmd/go/testdata/script/build_output.txt",
		"cmd/go/testdata/script/build_overlay.txt",
		"cmd/go/testdata/script/build_patterns_outside_gopath.txt",
		"cmd/go/testdata/script/build_perpkgflag.txt",
		"cmd/go/testdata/script/build_pgo.txt",
		"cmd/go/testdata/script/build_pgo_auto.txt",
		"cmd/go/testdata/script/build_pgo_auto_multi.txt",
		"cmd/go/testdata/script/build_pie_race.txt",
		"cmd/go/testdata/script/build_plugin_non_main.txt",
		"cmd/go/testdata/script/build_plugin_reproducible.txt",
		"cmd/go/testdata/script/build_relative_pkgdir.txt",
		"cmd/go/testdata/script/build_relative_tmpdir.txt",
		"cmd/go/testdata/script/build_repeated_godebug_issue62346.txt",
		"cmd/go/testdata/script/build_runtime_gcflags.txt",
		"cmd/go/testdata/script/build_shared_reproducible.txt",
		"cmd/go/testdata/script/build_shorten_pkg.txt",
		"cmd/go/testdata/script/build_single_error.txt",
		"cmd/go/testdata/script/build_static.txt",
		"cmd/go/testdata/script/build_tag_goexperiment.txt",
		"cmd/go/testdata/script/build_tags_no_comma.txt",
		"cmd/go/testdata/script/build_test_only.txt",
		"cmd/go/testdata/script/build_trimpath.txt",
		"cmd/go/testdata/script/build_trimpath_cgo.txt",
		"cmd/go/testdata/script/build_trimpath_goroot.txt",
		"cmd/go/testdata/script/build_unsupported_goos.txt",
		"cmd/go/testdata/script/build_vendor.txt",
		"cmd/go/testdata/script/build_version_stamping_git.txt",
		"cmd/go/testdata/script/cache_unix.txt",
		"cmd/go/testdata/script/cache_vet.txt",
		"cmd/go/testdata/script/cgo_asm_error.txt",
		"cmd/go/testdata/script/cgo_bad_directives.txt",
		"cmd/go/testdata/script/cgo_badmethod_issue57926.txt",
		"cmd/go/testdata/script/cgo_badmethod_issue60725.txt",
		"cmd/go/testdata/script/cgo_depends_on_syscall.txt",
		"cmd/go/testdata/script/cgo_flag_contains_space.txt",
		"cmd/go/testdata/script/cgo_long_cmd.txt",
		"cmd/go/testdata/script/cgo_path.txt",
		"cmd/go/testdata/script/cgo_path_space.txt",
		"cmd/go/testdata/script/cgo_path_space_quote.txt",
		"cmd/go/testdata/script/cgo_stale.txt",
		"cmd/go/testdata/script/cgo_stale_precompiled.txt",
		"cmd/go/testdata/script/cgo_suspect_flag_force_external.txt",
		"cmd/go/testdata/script/cgo_syso_issue29253.txt",
		"cmd/go/testdata/script/cgo_trimpath_macro.txt",
		"cmd/go/testdata/script/cgo_undef.txt",
		"cmd/go/testdata/script/chdir.txt",
		"cmd/go/testdata/script/check_goexperiment.txt",
		"cmd/go/testdata/script/clean_binary.txt",
		"cmd/go/testdata/script/clean_cache_n.txt",
		"cmd/go/testdata/script/clean_testcache.txt",
		"cmd/go/testdata/script/cmd_import_error.txt",
		"cmd/go/testdata/script/cover_asm.txt",
		"cmd/go/testdata/script/cover_atomic_pkgall.txt",
		"cmd/go/testdata/script/cover_blank_func_decl.txt",
		"cmd/go/testdata/script/cover_build_cmdline_pkgs.txt",
		"cmd/go/testdata/script/cover_build_pkg_select.txt",
		"cmd/go/testdata/script/cover_build_simple.txt",
		"cmd/go/testdata/script/cover_cgo.txt",
		"cmd/go/testdata/script/cover_cgo_extra_file.txt",
		"cmd/go/testdata/script/cover_cgo_extra_test.txt",
		"cmd/go/testdata/script/cover_cgo_xtest.txt",
		"cmd/go/testdata/script/cover_coverpkg_partial.txt",
		"cmd/go/testdata/script/cover_coverpkg_with_init.txt",
		"cmd/go/testdata/script/cover_coverprofile_multipkg.txt",
		"cmd/go/testdata/script/cover_coverprofile_nocoverpkg.txt",
		"cmd/go/testdata/script/cover_dash_c.txt",
		"cmd/go/testdata/script/cover_dep_loop.txt",
		"cmd/go/testdata/script/cover_dot_import.txt",
		"cmd/go/testdata/script/cover_error.txt",
		"cmd/go/testdata/script/cover_import_main_loop.txt",
		"cmd/go/testdata/script/cover_list.txt",
		"cmd/go/testdata/script/cover_main_import_path.txt",
		"cmd/go/testdata/script/cover_mod_empty.txt",
		"cmd/go/testdata/script/cover_modes.txt",
		"cmd/go/testdata/script/cover_pattern.txt",
		"cmd/go/testdata/script/cover_pkgall_imports.txt",
		"cmd/go/testdata/script/cover_pkgall_multiple_mains.txt",
		"cmd/go/testdata/script/cover_pkgall_runtime.txt",
		"cmd/go/testdata/script/cover_runs.txt",
		"cmd/go/testdata/script/cover_single_vs_multiple.txt",
		"cmd/go/testdata/script/cover_statements.txt",
		"cmd/go/testdata/script/cover_swig.txt",
		"cmd/go/testdata/script/cover_sync_atomic_import.txt",
		"cmd/go/testdata/script/cover_test_localpkg_filepath.txt",
		"cmd/go/testdata/script/cover_test_pkgselect.txt",
		"cmd/go/testdata/script/cover_test_race_issue56370.txt",
		"cmd/go/testdata/script/cover_var_init_order.txt",
		"cmd/go/testdata/script/cpu_profile_twice.txt",
		"cmd/go/testdata/script/darwin_lto_library_ldflag.txt",
		"cmd/go/testdata/script/darwin_no_cgo.txt",
		"cmd/go/testdata/script/devnull.txt",
		"cmd/go/testdata/script/dist_list_missing.txt",
		"cmd/go/testdata/script/doc.txt",
		"cmd/go/testdata/script/embed.txt",
		"cmd/go/testdata/script/embed_brackets.txt",
		"cmd/go/testdata/script/embed_fmt.txt",
		"cmd/go/testdata/script/env_cache.txt",
		"cmd/go/testdata/script/env_changed.txt",
		"cmd/go/testdata/script/env_cross_build.txt",
		"cmd/go/testdata/script/env_exp.txt",
		"cmd/go/testdata/script/env_gocacheprog.txt",
		"cmd/go/testdata/script/env_gomod_issue61455.txt",
		"cmd/go/testdata/script/env_issue46807.txt",
		"cmd/go/testdata/script/env_sanitize.txt",
		"cmd/go/testdata/script/env_unset.txt",
		"cmd/go/testdata/script/env_write.txt",
		"cmd/go/testdata/script/fileline.txt",
		"cmd/go/testdata/script/fips.txt",
		"cmd/go/testdata/script/fipssnap.txt",
		"cmd/go/testdata/script/fmt_load_errors.txt",
		"cmd/go/testdata/script/fsys_walk.txt",
		"cmd/go/testdata/script/gccgo_link_c.txt",
		"cmd/go/testdata/script/gccgo_link_ldflags.txt",
		"cmd/go/testdata/script/gccgo_m.txt",
		"cmd/go/testdata/script/gccgo_mangle.txt",
		"cmd/go/testdata/script/gcflags_patterns.txt",
		"cmd/go/testdata/script/generate.txt",
		"cmd/go/testdata/script/generate_bad_imports.txt",
		"cmd/go/testdata/script/generate_env.txt",
		"cmd/go/testdata/script/generate_goroot_PATH.txt",
		"cmd/go/testdata/script/generate_invalid.txt",
		"cmd/go/testdata/script/generate_workspace.txt",
		"cmd/go/testdata/script/get_404_meta.txt",
		"cmd/go/testdata/script/get_insecure.txt",
		"cmd/go/testdata/script/get_insecure_no_longer_supported.txt",
		"cmd/go/testdata/script/get_issue53955.txt",
		"cmd/go/testdata/script/get_panic_issue75251.txt",
		"cmd/go/testdata/script/go_badcmd.txt",
		"cmd/go/testdata/script/go_version.txt",
		"cmd/go/testdata/script/goauth_git.txt",
		"cmd/go/testdata/script/goauth_netrc.txt",
		"cmd/go/testdata/script/goauth_userauth.txt",
		"cmd/go/testdata/script/godebug_decoratemappings_124.txt",
		"cmd/go/testdata/script/godebug_decoratemappings_comment.txt",
		"cmd/go/testdata/script/godebug_default.txt",
		"cmd/go/testdata/script/godebug_unknown.txt",
		"cmd/go/testdata/script/goflags.txt",
		"cmd/go/testdata/script/goline_order.txt",
		"cmd/go/testdata/script/gopath_install.txt",
		"cmd/go/testdata/script/gopath_local.txt",
		"cmd/go/testdata/script/gopath_paths.txt",
		"cmd/go/testdata/script/gopath_std_vendor.txt",
		"cmd/go/testdata/script/gopath_vendor_dup_err.txt",
		"cmd/go/testdata/script/goroot_executable.txt",
		"cmd/go/testdata/script/goroot_executable_trimpath.txt",
		"cmd/go/testdata/script/gotoolchain_godebug_trace.txt",
		"cmd/go/testdata/script/gotoolchain_issue66175.txt",
		"cmd/go/testdata/script/gotoolchain_local.txt",
		"cmd/go/testdata/script/gotoolchain_loop.txt",
		"cmd/go/testdata/script/gotoolchain_modcmds.txt",
		"cmd/go/testdata/script/gotoolchain_net.txt",
		"cmd/go/testdata/script/gotoolchain_path.txt",
		"cmd/go/testdata/script/gotoolchain_version.txt",
		"cmd/go/testdata/script/govcs.txt",
		"cmd/go/testdata/script/help.txt",
		"cmd/go/testdata/script/import_cycle.txt",
		"cmd/go/testdata/script/import_ignore.txt",
		"cmd/go/testdata/script/import_main.txt",
		"cmd/go/testdata/script/import_unix_tag.txt",
		"cmd/go/testdata/script/index.txt",
		"cmd/go/testdata/script/install_backslash.txt",
		"cmd/go/testdata/script/install_cgo_excluded.txt",
		"cmd/go/testdata/script/install_cleans_build.txt",
		"cmd/go/testdata/script/install_cmd_gobin.txt",
		"cmd/go/testdata/script/install_cross_gobin.txt",
		"cmd/go/testdata/script/install_dep_version.txt",
		"cmd/go/testdata/script/install_goroot_targets.txt",
		"cmd/go/testdata/script/install_modcacherw_issue64282.txt",
		"cmd/go/testdata/script/install_move_not_stale.txt",
		"cmd/go/testdata/script/install_msan_and_race_and_asan_require_cgo.txt",
		"cmd/go/testdata/script/install_rebuild_removed.txt",
		"cmd/go/testdata/script/install_relative_gobin_fail.txt",
		"cmd/go/testdata/script/install_shadow_gopath.txt",
		"cmd/go/testdata/script/issue36000.txt",
		"cmd/go/testdata/script/issue53586.txt",
		"cmd/go/testdata/script/ldflag.txt",
		"cmd/go/testdata/script/link_external_undef.txt",
		"cmd/go/testdata/script/link_matching_actionid.txt",
		"cmd/go/testdata/script/link_syso_deps.txt",
		"cmd/go/testdata/script/link_syso_issue33139.txt",
		"cmd/go/testdata/script/linkname.txt",
		"cmd/go/testdata/script/list_all_gobuild.txt",
		"cmd/go/testdata/script/list_ambiguous_path.txt",
		"cmd/go/testdata/script/list_bad_import.txt",
		"cmd/go/testdata/script/list_buildmod_reason_issue67587.txt",
		"cmd/go/testdata/script/list_case_collision.txt",
		"cmd/go/testdata/script/list_cgo_compiled_importmap.txt",
		"cmd/go/testdata/script/list_compiled_files_issue28749.txt",
		"cmd/go/testdata/script/list_compiled_imports.txt",
		"cmd/go/testdata/script/list_compiler_output.txt",
		"cmd/go/testdata/script/list_constraints.txt",
		"cmd/go/testdata/script/list_dedup_packages.txt",
		"cmd/go/testdata/script/list_empty_import.txt",
		"cmd/go/testdata/script/list_empty_importpath.txt",
		"cmd/go/testdata/script/list_err_cycle.txt",
		"cmd/go/testdata/script/list_err_stack.txt",
		"cmd/go/testdata/script/list_export_e.txt",
		"cmd/go/testdata/script/list_export_embed.txt",
		"cmd/go/testdata/script/list_find.txt",
		"cmd/go/testdata/script/list_find_nodeps.txt",
		"cmd/go/testdata/script/list_gofile_in_goroot.txt",
		"cmd/go/testdata/script/list_gomod_in_gopath.txt",
		"cmd/go/testdata/script/list_goroot_symlink.txt",
		"cmd/go/testdata/script/list_ignore.txt",
		"cmd/go/testdata/script/list_ignore_dependency.txt",
		"cmd/go/testdata/script/list_ignore_modcache.txt",
		"cmd/go/testdata/script/list_ignore_workspace.txt",
		"cmd/go/testdata/script/list_import_cycle_deps_errors.txt",
		"cmd/go/testdata/script/list_import_err.txt",
		"cmd/go/testdata/script/list_importmap.txt",
		"cmd/go/testdata/script/list_issue_56509.txt",
		"cmd/go/testdata/script/list_issue_59905.txt",
		"cmd/go/testdata/script/list_issue_70600.txt",
		"cmd/go/testdata/script/list_json_fields.txt",
		"cmd/go/testdata/script/list_json_issue64946.txt",
		"cmd/go/testdata/script/list_json_with_f.txt",
		"cmd/go/testdata/script/list_legacy_mod.txt",
		"cmd/go/testdata/script/list_linkshared.txt",
		"cmd/go/testdata/script/list_load_err.txt",
		"cmd/go/testdata/script/list_modindex_dupactionid.txt",
		"cmd/go/testdata/script/list_module_when_error.txt",
		"cmd/go/testdata/script/list_n_cover.txt",
		"cmd/go/testdata/script/list_overlay.txt",
		"cmd/go/testdata/script/list_panic_issue68737.txt",
		"cmd/go/testdata/script/list_parse_err.txt",
		"cmd/go/testdata/script/list_pattern_work.txt",
		"cmd/go/testdata/script/list_perm.txt",
		"cmd/go/testdata/script/list_pgo_issue66218.txt",
		"cmd/go/testdata/script/list_pkgconfig_error.txt",
		"cmd/go/testdata/script/list_replace_absolute_windows.txt",
		"cmd/go/testdata/script/list_reserved.txt",
		"cmd/go/testdata/script/list_retractions_issue66403.txt",
		"cmd/go/testdata/script/list_shadow.txt",
		"cmd/go/testdata/script/list_split_main.txt",
		"cmd/go/testdata/script/list_std.txt",
		"cmd/go/testdata/script/list_std_vendor.txt",
		"cmd/go/testdata/script/list_swigcxx.txt",
		"cmd/go/testdata/script/list_symlink.txt",
		"cmd/go/testdata/script/list_symlink_dotdotdot.txt",
		"cmd/go/testdata/script/list_symlink_internal.txt",
		"cmd/go/testdata/script/list_symlink_issue35941.txt",
		"cmd/go/testdata/script/list_symlink_vendor_issue14054.txt",
		"cmd/go/testdata/script/list_symlink_vendor_issue15201.txt",
		"cmd/go/testdata/script/list_test_cycle.txt",
		"cmd/go/testdata/script/list_test_e.txt",
		"cmd/go/testdata/script/list_test_err.txt",
		"cmd/go/testdata/script/list_test_imports.txt",
		"cmd/go/testdata/script/list_test_non_go_files.txt",
		"cmd/go/testdata/script/list_test_simple.txt",
		"cmd/go/testdata/script/list_testdata.txt",
		"cmd/go/testdata/script/list_tool.txt",
		"cmd/go/testdata/script/list_wildcard_skip_nonmatching.txt",
		"cmd/go/testdata/script/load_test_pkg_err.txt",
		"cmd/go/testdata/script/malformed_gosum_issue62345.txt",
		"cmd/go/testdata/script/mod_all.txt",
		"cmd/go/testdata/script/mod_alt_goroot.txt",
		"cmd/go/testdata/script/mod_ambiguous_import.txt",
		"cmd/go/testdata/script/mod_auth.txt",
		"cmd/go/testdata/script/mod_bad_domain.txt",
		"cmd/go/testdata/script/mod_bad_filenames.txt",
		"cmd/go/testdata/script/mod_build_info_err.txt",
		"cmd/go/testdata/script/mod_build_tags.txt",
		"cmd/go/testdata/script/mod_build_trimpath_issue48557.txt",
		"cmd/go/testdata/script/mod_build_versioned.txt",
		"cmd/go/testdata/script/mod_cache_dir.txt",
		"cmd/go/testdata/script/mod_cache_rw.txt",
		"cmd/go/testdata/script/mod_case.txt",
		"cmd/go/testdata/script/mod_case_cgo.txt",
		"cmd/go/testdata/script/mod_clean_cache.txt",
		"cmd/go/testdata/script/mod_concurrent.txt",
		"cmd/go/testdata/script/mod_convert_git.txt",
		"cmd/go/testdata/script/mod_deprecate_message.txt",
		"cmd/go/testdata/script/mod_dir.txt",
		"cmd/go/testdata/script/mod_doc.txt",
		"cmd/go/testdata/script/mod_doc_path.txt",
		"cmd/go/testdata/script/mod_domain_root.txt",
		"cmd/go/testdata/script/mod_dot.txt",
		"cmd/go/testdata/script/mod_download.txt",
		"cmd/go/testdata/script/mod_download_concurrent_read.txt",
		"cmd/go/testdata/script/mod_download_exec_toolchain.txt",
		"cmd/go/testdata/script/mod_download_git_bareRepository.txt",
		"cmd/go/testdata/script/mod_download_git_bareRepository_sha256.txt",
		"cmd/go/testdata/script/mod_download_git_decorate_full.txt",
		"cmd/go/testdata/script/mod_download_hash.txt",
		"cmd/go/testdata/script/mod_download_insecure_redirect.txt",
		"cmd/go/testdata/script/mod_download_issue51114.txt",
		"cmd/go/testdata/script/mod_download_json.txt",
		"cmd/go/testdata/script/mod_download_partial.txt",
		"cmd/go/testdata/script/mod_download_private_vcs.txt",
		"cmd/go/testdata/script/mod_download_replace_file.txt",
		"cmd/go/testdata/script/mod_download_svn.txt",
		"cmd/go/testdata/script/mod_download_too_many_redirects.txt",
		"cmd/go/testdata/script/mod_e.txt",
		"cmd/go/testdata/script/mod_edit.txt",
		"cmd/go/testdata/script/mod_edit_go.txt",
		"cmd/go/testdata/script/mod_edit_no_modcache.txt",
		"cmd/go/testdata/script/mod_edit_toolchain.txt",
		"cmd/go/testdata/script/mod_empty_err.txt",
		"cmd/go/testdata/script/mod_enabled.txt",
		"cmd/go/testdata/script/mod_errors_pos.txt",
		"cmd/go/testdata/script/mod_exclude_go121.txt",
		"cmd/go/testdata/script/mod_file_proxy.txt",
		"cmd/go/testdata/script/mod_fileproxy_vcs_missing_issue51589.txt",
		"cmd/go/testdata/script/mod_find.txt",
		"cmd/go/testdata/script/mod_fs_patterns.txt",
		"cmd/go/testdata/script/mod_get_ambiguous_arg.txt",
		"cmd/go/testdata/script/mod_get_ambiguous_import.txt",
		"cmd/go/testdata/script/mod_get_ambiguous_pkg.txt",
		"cmd/go/testdata/script/mod_get_boost.txt",
		"cmd/go/testdata/script/mod_get_changes.txt",
		"cmd/go/testdata/script/mod_get_commit.txt",
		"cmd/go/testdata/script/mod_get_deprecate_install.txt",
		"cmd/go/testdata/script/mod_get_deprecated.txt",
		"cmd/go/testdata/script/mod_get_direct.txt",
		"cmd/go/testdata/script/mod_get_downadd_indirect.txt",
		"cmd/go/testdata/script/mod_get_downgrade.txt",
		"cmd/go/testdata/script/mod_get_downgrade_missing.txt",
		"cmd/go/testdata/script/mod_get_downup_artifact.txt",
		"cmd/go/testdata/script/mod_get_downup_indirect.txt",
		"cmd/go/testdata/script/mod_get_downup_indirect_pruned.txt",
		"cmd/go/testdata/script/mod_get_downup_pseudo_artifact.txt",
		"cmd/go/testdata/script/mod_get_errors.txt",
		"cmd/go/testdata/script/mod_get_exec_toolchain.txt",
		"cmd/go/testdata/script/mod_get_extra.txt",
		"cmd/go/testdata/script/mod_get_fallback.txt",
		"cmd/go/testdata/script/mod_get_fossil.txt",
		"cmd/go/testdata/script/mod_get_future.txt",
		"cmd/go/testdata/script/mod_get_go_file.txt",
		"cmd/go/testdata/script/mod_get_hash.txt",
		"cmd/go/testdata/script/mod_get_incompatible.txt",
		"cmd/go/testdata/script/mod_get_indirect.txt",
		"cmd/go/testdata/script/mod_get_insecure_redirect.txt",
		"cmd/go/testdata/script/mod_get_issue37438.txt",
		"cmd/go/testdata/script/mod_get_issue47650.txt",
		"cmd/go/testdata/script/mod_get_issue47979.txt",
		"cmd/go/testdata/script/mod_get_issue48511.txt",
		"cmd/go/testdata/script/mod_get_issue56494.txt",
		"cmd/go/testdata/script/mod_get_issue60490.txt",
		"cmd/go/testdata/script/mod_get_issue65363.txt",
		"cmd/go/testdata/script/mod_get_latest_pseudo.txt",
		"cmd/go/testdata/script/mod_get_lazy_indirect.txt",
		"cmd/go/testdata/script/mod_get_lazy_upgrade_lazy.txt",
		"cmd/go/testdata/script/mod_get_local.txt",
		"cmd/go/testdata/script/mod_get_main.txt",
		"cmd/go/testdata/script/mod_get_major.txt",
		"cmd/go/testdata/script/mod_get_missing_ziphash.txt",
		"cmd/go/testdata/script/mod_get_moved.txt",
		"cmd/go/testdata/script/mod_get_newcycle.txt",
		"cmd/go/testdata/script/mod_get_none.txt",
		"cmd/go/testdata/script/mod_get_nopkgs.txt",
		"cmd/go/testdata/script/mod_get_patch.txt",
		"cmd/go/testdata/script/mod_get_patchbound.txt",
		"cmd/go/testdata/script/mod_get_patchcycle.txt",
		"cmd/go/testdata/script/mod_get_patchmod.txt",
		"cmd/go/testdata/script/mod_get_patterns.txt",
		"cmd/go/testdata/script/mod_get_pkgtags.txt",
		"cmd/go/testdata/script/mod_get_prefer_incompatible.txt",
		"cmd/go/testdata/script/mod_get_promote_implicit.txt",
		"cmd/go/testdata/script/mod_get_pseudo.txt",
		"cmd/go/testdata/script/mod_get_pseudo_other_branch.txt",
		"cmd/go/testdata/script/mod_get_pseudo_prefix.txt",
		"cmd/go/testdata/script/mod_get_replaced.txt",
		"cmd/go/testdata/script/mod_get_retract.txt",
		"cmd/go/testdata/script/mod_get_retract_ambiguous.txt",
		"cmd/go/testdata/script/mod_get_split.txt",
		"cmd/go/testdata/script/mod_get_subdir.txt",
		"cmd/go/testdata/script/mod_get_sum_noroot.txt",
		"cmd/go/testdata/script/mod_get_tags.txt",
		"cmd/go/testdata/script/mod_get_test.txt",
		"cmd/go/testdata/script/mod_get_tool.txt",
		"cmd/go/testdata/script/mod_get_tool_issue74035.txt",
		"cmd/go/testdata/script/mod_get_toolchain.txt",
		"cmd/go/testdata/script/mod_get_trailing_slash.txt",
		"cmd/go/testdata/script/mod_get_update_unrelated_sum.txt",
		"cmd/go/testdata/script/mod_get_upgrade.txt",
		"cmd/go/testdata/script/mod_get_upgrade_pseudo.txt",
		"cmd/go/testdata/script/mod_get_wild.txt",
		"cmd/go/testdata/script/mod_get_work.txt",
		"cmd/go/testdata/script/mod_get_workspace_incomplete.txt",
		"cmd/go/testdata/script/mod_getmode_vendor.txt",
		"cmd/go/testdata/script/mod_getx.txt",
		"cmd/go/testdata/script/mod_git_export_subst.txt",
		"cmd/go/testdata/script/mod_go_version.txt",
		"cmd/go/testdata/script/mod_go_version_missing.txt",
		"cmd/go/testdata/script/mod_go_version_mixed.txt",
		"cmd/go/testdata/script/mod_gobuild_import.txt",
		"cmd/go/testdata/script/mod_gofmt_invalid.txt",
		"cmd/go/testdata/script/mod_goline.txt",
		"cmd/go/testdata/script/mod_goline_old.txt",
		"cmd/go/testdata/script/mod_goline_too_new.txt",
		"cmd/go/testdata/script/mod_gomodcache.txt",
		"cmd/go/testdata/script/mod_gomodcache_vendor.txt",
		"cmd/go/testdata/script/mod_gonoproxy.txt",
		"cmd/go/testdata/script/mod_gopkg_unstable.txt",
		"cmd/go/testdata/script/mod_goroot_errors.txt",
		"cmd/go/testdata/script/mod_graph.txt",
		"cmd/go/testdata/script/mod_graph_version.txt",
		"cmd/go/testdata/script/mod_help.txt",
		"cmd/go/testdata/script/mod_import.txt",
		"cmd/go/testdata/script/mod_import_cycle.txt",
		"cmd/go/testdata/script/mod_import_issue41113.txt",
		"cmd/go/testdata/script/mod_import_issue42891.txt",
		"cmd/go/testdata/script/mod_import_meta.txt",
		"cmd/go/testdata/script/mod_import_mod.txt",
		"cmd/go/testdata/script/mod_import_toolchain.txt",
		"cmd/go/testdata/script/mod_import_v1suffix.txt",
		"cmd/go/testdata/script/mod_import_vendor.txt",
		"cmd/go/testdata/script/mod_in_testdata_dir.txt",
		"cmd/go/testdata/script/mod_indirect.txt",
		"cmd/go/testdata/script/mod_indirect_main.txt",
		"cmd/go/testdata/script/mod_indirect_nospace.txt",
		"cmd/go/testdata/script/mod_indirect_tidy.txt",
		"cmd/go/testdata/script/mod_init_empty.txt",
		"cmd/go/testdata/script/mod_init_invalid_major.txt",
		"cmd/go/testdata/script/mod_init_issue74784.txt",
		"cmd/go/testdata/script/mod_init_path.txt",
		"cmd/go/testdata/script/mod_init_tidy.txt",
		"cmd/go/testdata/script/mod_insecure_issue63845.txt",
		"cmd/go/testdata/script/mod_install_hint.txt",
		"cmd/go/testdata/script/mod_install_pkg_version.txt",
		"cmd/go/testdata/script/mod_install_versioned.txt",
		"cmd/go/testdata/script/mod_internal.txt",
		"cmd/go/testdata/script/mod_invalid_path.txt",
		"cmd/go/testdata/script/mod_invalid_path_dotname.txt",
		"cmd/go/testdata/script/mod_invalid_path_plus.txt",
		"cmd/go/testdata/script/mod_invalid_version.txt",
		"cmd/go/testdata/script/mod_issue35270.txt",
		"cmd/go/testdata/script/mod_issue35317.txt",
		"cmd/go/testdata/script/mod_lazy_consistency.txt",
		"cmd/go/testdata/script/mod_lazy_downgrade.txt",
		"cmd/go/testdata/script/mod_lazy_import_allmod.txt",
		"cmd/go/testdata/script/mod_lazy_new_import.txt",
		"cmd/go/testdata/script/mod_lazy_test_horizon.txt",
		"cmd/go/testdata/script/mod_lazy_test_of_test_dep.txt",
		"cmd/go/testdata/script/mod_list.txt",
		"cmd/go/testdata/script/mod_list_bad_import.txt",
		"cmd/go/testdata/script/mod_list_command_line_arguments.txt",
		"cmd/go/testdata/script/mod_list_compiled_concurrent.txt",
		"cmd/go/testdata/script/mod_list_deprecated.txt",
		"cmd/go/testdata/script/mod_list_deprecated_replace.txt",
		"cmd/go/testdata/script/mod_list_dir.txt",
		"cmd/go/testdata/script/mod_list_direct.txt",
		"cmd/go/testdata/script/mod_list_direct_work.txt",
		"cmd/go/testdata/script/mod_list_e_readonly.txt",
		"cmd/go/testdata/script/mod_list_issue61415.txt",
		"cmd/go/testdata/script/mod_list_issue61423.txt",
		"cmd/go/testdata/script/mod_list_m.txt",
		"cmd/go/testdata/script/mod_list_odd_tags.txt",
		"cmd/go/testdata/script/mod_list_pseudo.txt",
		"cmd/go/testdata/script/mod_list_replace_dir.txt",
		"cmd/go/testdata/script/mod_list_retract.txt",
		"cmd/go/testdata/script/mod_list_std.txt",
		"cmd/go/testdata/script/mod_list_sums.txt",
		"cmd/go/testdata/script/mod_list_test.txt",
		"cmd/go/testdata/script/mod_list_test_cycle.txt",
		"cmd/go/testdata/script/mod_list_update_nolatest.txt",
		"cmd/go/testdata/script/mod_list_upgrade.txt",
		"cmd/go/testdata/script/mod_list_upgrade_pseudo.txt",
		"cmd/go/testdata/script/mod_load_badchain.txt",
		"cmd/go/testdata/script/mod_load_badmod.txt",
		"cmd/go/testdata/script/mod_load_badzip.txt",
		"cmd/go/testdata/script/mod_load_replace_mismatch.txt",
		"cmd/go/testdata/script/mod_local_replace.txt",
		"cmd/go/testdata/script/mod_missing_repo.txt",
		"cmd/go/testdata/script/mod_missingpkg_prerelease.txt",
		"cmd/go/testdata/script/mod_modinfo.txt",
		"cmd/go/testdata/script/mod_multirepo.txt",
		"cmd/go/testdata/script/mod_no_gopath.txt",
		"cmd/go/testdata/script/mod_nomod.txt",
		"cmd/go/testdata/script/mod_notall.txt",
		"cmd/go/testdata/script/mod_off.txt",
		"cmd/go/testdata/script/mod_off_init.txt",
		"cmd/go/testdata/script/mod_outside.txt",
		"cmd/go/testdata/script/mod_overlay.txt",
		"cmd/go/testdata/script/mod_patterns.txt",
		"cmd/go/testdata/script/mod_patterns_vendor.txt",
		"cmd/go/testdata/script/mod_perm.txt",
		"cmd/go/testdata/script/mod_permissions.txt",
		"cmd/go/testdata/script/mod_prefer_compatible.txt",
		"cmd/go/testdata/script/mod_proxy_errors.txt",
		"cmd/go/testdata/script/mod_proxy_https.txt",
		"cmd/go/testdata/script/mod_proxy_invalid.txt",
		"cmd/go/testdata/script/mod_proxy_list.txt",
		"cmd/go/testdata/script/mod_pseudo_cache.txt",
		"cmd/go/testdata/script/mod_query.txt",
		"cmd/go/testdata/script/mod_query_empty.txt",
		"cmd/go/testdata/script/mod_query_exclude.txt",
		"cmd/go/testdata/script/mod_query_main.txt",
		"cmd/go/testdata/script/mod_readonly.txt",
		"cmd/go/testdata/script/mod_replace.txt",
		"cmd/go/testdata/script/mod_replace_gopkgin.txt",
		"cmd/go/testdata/script/mod_replace_import.txt",
		"cmd/go/testdata/script/mod_replace_readonly.txt",
		"cmd/go/testdata/script/mod_require_exclude.txt",
		"cmd/go/testdata/script/mod_retention.txt",
		"cmd/go/testdata/script/mod_retract.txt",
		"cmd/go/testdata/script/mod_retract_fix_version.txt",
		"cmd/go/testdata/script/mod_retract_incompatible.txt",
		"cmd/go/testdata/script/mod_retract_noupgrade.txt",
		"cmd/go/testdata/script/mod_retract_pseudo_base.txt",
		"cmd/go/testdata/script/mod_retract_rationale.txt",
		"cmd/go/testdata/script/mod_retract_rename.txt",
		"cmd/go/testdata/script/mod_retract_replace.txt",
		"cmd/go/testdata/script/mod_retract_versions.txt",
		"cmd/go/testdata/script/mod_run_flags_issue64738.txt",
		"cmd/go/testdata/script/mod_run_issue52331.txt",
		"cmd/go/testdata/script/mod_run_nonmain.txt",
		"cmd/go/testdata/script/mod_run_path.txt",
		"cmd/go/testdata/script/mod_run_pkg_version.txt",
		"cmd/go/testdata/script/mod_run_pkgerror.txt",
		"cmd/go/testdata/script/mod_skip_write.txt",
		"cmd/go/testdata/script/mod_stale.txt",
		"cmd/go/testdata/script/mod_std_vendor.txt",
		"cmd/go/testdata/script/mod_string_alias.txt",
		"cmd/go/testdata/script/mod_sum_ambiguous.txt",
		"cmd/go/testdata/script/mod_sum_issue56222.txt",
		"cmd/go/testdata/script/mod_sum_lookup.txt",
		"cmd/go/testdata/script/mod_sum_readonly.txt",
		"cmd/go/testdata/script/mod_sum_replaced.txt",
		"cmd/go/testdata/script/mod_sumdb.txt",
		"cmd/go/testdata/script/mod_sumdb_cache.txt",
		"cmd/go/testdata/script/mod_sumdb_file_path.txt",
		"cmd/go/testdata/script/mod_sumdb_golang.txt",
		"cmd/go/testdata/script/mod_sumdb_proxy.txt",
		"cmd/go/testdata/script/mod_symlink.txt",
		"cmd/go/testdata/script/mod_symlink_dotgo.txt",
		"cmd/go/testdata/script/mod_tagged_import_cycle.txt",
		"cmd/go/testdata/script/mod_test.txt",
		"cmd/go/testdata/script/mod_test_cached.txt",
		"cmd/go/testdata/script/mod_test_files.txt",
		"cmd/go/testdata/script/mod_tidy.txt",
		"cmd/go/testdata/script/mod_tidy_compat.txt",
		"cmd/go/testdata/script/mod_tidy_compat_added.txt",
		"cmd/go/testdata/script/mod_tidy_compat_ambiguous.txt",
		"cmd/go/testdata/script/mod_tidy_compat_deleted.txt",
		"cmd/go/testdata/script/mod_tidy_compat_implicit.txt",
		"cmd/go/testdata/script/mod_tidy_compat_incompatible.txt",
		"cmd/go/testdata/script/mod_tidy_compat_irrelevant.txt",
		"cmd/go/testdata/script/mod_tidy_convergence.txt",
		"cmd/go/testdata/script/mod_tidy_convergence_loop.txt",
		"cmd/go/testdata/script/mod_tidy_cycle.txt",
		"cmd/go/testdata/script/mod_tidy_diff.txt",
		"cmd/go/testdata/script/mod_tidy_downgrade_ambiguous.txt",
		"cmd/go/testdata/script/mod_tidy_duplicates.txt",
		"cmd/go/testdata/script/mod_tidy_error.txt",
		"cmd/go/testdata/script/mod_tidy_ignore.txt",
		"cmd/go/testdata/script/mod_tidy_indirect.txt",
		"cmd/go/testdata/script/mod_tidy_issue60313.txt",
		"cmd/go/testdata/script/mod_tidy_lazy_self.txt",
		"cmd/go/testdata/script/mod_tidy_newroot.txt",
		"cmd/go/testdata/script/mod_tidy_old.txt",
		"cmd/go/testdata/script/mod_tidy_oldgo.txt",
		"cmd/go/testdata/script/mod_tidy_quote.txt",
		"cmd/go/testdata/script/mod_tidy_replace.txt",
		"cmd/go/testdata/script/mod_tidy_replace_old.txt",
		"cmd/go/testdata/script/mod_tidy_sum.txt",
		"cmd/go/testdata/script/mod_tidy_support_buildx.txt",
		"cmd/go/testdata/script/mod_tidy_symlink_issue35941.txt",
		"cmd/go/testdata/script/mod_tidy_temp.txt",
		"cmd/go/testdata/script/mod_tidy_version.txt",
		"cmd/go/testdata/script/mod_tidy_version_tooold.txt",
		"cmd/go/testdata/script/mod_tool_70582.txt",
		"cmd/go/testdata/script/mod_toolchain.txt",
		"cmd/go/testdata/script/mod_toolchain_slash.txt",
		"cmd/go/testdata/script/mod_unknown_block.txt",
		"cmd/go/testdata/script/mod_update_sum_readonly.txt",
		"cmd/go/testdata/script/mod_upgrade_patch.txt",
		"cmd/go/testdata/script/mod_vcs_missing.txt",
		"cmd/go/testdata/script/mod_vendor.txt",
		"cmd/go/testdata/script/mod_vendor_auto.txt",
		"cmd/go/testdata/script/mod_vendor_build.txt",
		"cmd/go/testdata/script/mod_vendor_collision.txt",
		"cmd/go/testdata/script/mod_vendor_embed.txt",
		"cmd/go/testdata/script/mod_vendor_gomod.txt",
		"cmd/go/testdata/script/mod_vendor_goversion.txt",
		"cmd/go/testdata/script/mod_vendor_issue46867.txt",
		"cmd/go/testdata/script/mod_vendor_nodeps.txt",
		"cmd/go/testdata/script/mod_vendor_redundant_requirement.txt",
		"cmd/go/testdata/script/mod_vendor_replace.txt",
		"cmd/go/testdata/script/mod_vendor_trimpath.txt",
		"cmd/go/testdata/script/mod_vendor_unused.txt",
		"cmd/go/testdata/script/mod_vendor_unused_only.txt",
		"cmd/go/testdata/script/mod_verify.txt",
		"cmd/go/testdata/script/mod_verify_work.txt",
		"cmd/go/testdata/script/mod_versions.txt",
		"cmd/go/testdata/script/mod_why.txt",
		"cmd/go/testdata/script/modfile_flag.txt",
		"cmd/go/testdata/script/netrc_issue66832.txt",
		"cmd/go/testdata/script/noncanonical_import.txt",
		"cmd/go/testdata/script/old_tidy_toolchain.txt",
		"cmd/go/testdata/script/pattern_syntax_error.txt",
		"cmd/go/testdata/script/prevent_sys_unix_import.txt",
		"cmd/go/testdata/script/repro_build.txt",
		"cmd/go/testdata/script/reuse_git.txt",
		"cmd/go/testdata/script/run_dirs.txt",
		"cmd/go/testdata/script/run_goroot_PATH.txt",
		"cmd/go/testdata/script/run_hello.txt",
		"cmd/go/testdata/script/run_hello_pkg.txt",
		"cmd/go/testdata/script/run_internal.txt",
		"cmd/go/testdata/script/run_issue11709.txt",
		"cmd/go/testdata/script/run_issue51125.txt",
		"cmd/go/testdata/script/run_set_executable_name.txt",
		"cmd/go/testdata/script/run_vendor.txt",
		"cmd/go/testdata/script/run_vers.txt",
		"cmd/go/testdata/script/run_wildcard.txt",
		"cmd/go/testdata/script/run_work_versioned.txt",
		"cmd/go/testdata/script/script_help.txt",
		"cmd/go/testdata/script/script_wait.txt",
		"cmd/go/testdata/script/slashpath.txt",
		"cmd/go/testdata/script/src_file.txt",
		"cmd/go/testdata/script/std_vendor.txt",
		"cmd/go/testdata/script/telemetry.txt",
		"cmd/go/testdata/script/test2json_interrupt.txt",
		"cmd/go/testdata/script/test_android_issue62123.txt",
		"cmd/go/testdata/script/test_bad_example.txt",
		"cmd/go/testdata/script/test_badtest.txt",
		"cmd/go/testdata/script/test_benchmark_1x.txt",
		"cmd/go/testdata/script/test_benchmark_chatty_fail.txt",
		"cmd/go/testdata/script/test_benchmark_chatty_success.txt",
		"cmd/go/testdata/script/test_benchmark_fatal.txt",
		"cmd/go/testdata/script/test_benchmark_labels.txt",
		"cmd/go/testdata/script/test_benchmark_timeout.txt",
		"cmd/go/testdata/script/test_build_failure.txt",
		"cmd/go/testdata/script/test_buildinfo.txt",
		"cmd/go/testdata/script/test_buildinfo_godebug_issue68053.txt",
		"cmd/go/testdata/script/test_buildvcs.txt",
		"cmd/go/testdata/script/test_cache_inputs.txt",
		"cmd/go/testdata/script/test_chatty_fail.txt",
		"cmd/go/testdata/script/test_chatty_parallel_fail.txt",
		"cmd/go/testdata/script/test_chatty_parallel_success.txt",
		"cmd/go/testdata/script/test_chatty_parallel_success_run.txt",
		"cmd/go/testdata/script/test_chatty_success.txt",
		"cmd/go/testdata/script/test_cleanup_failnow.txt",
		"cmd/go/testdata/script/test_compile_binary.txt",
		"cmd/go/testdata/script/test_compile_multi_pkg.txt",
		"cmd/go/testdata/script/test_compile_tempfile.txt",
		"cmd/go/testdata/script/test_crlf_example.txt",
		"cmd/go/testdata/script/test_deadline.txt",
		"cmd/go/testdata/script/test_default_godebug_issue69203.txt",
		"cmd/go/testdata/script/test_empty.txt",
		"cmd/go/testdata/script/test_env_term.txt",
		"cmd/go/testdata/script/test_example_goexit.txt",
		"cmd/go/testdata/script/test_exit.txt",
		"cmd/go/testdata/script/test_fail_fast.txt",
		"cmd/go/testdata/script/test_fail_newline.txt",
		"cmd/go/testdata/script/test_finished_subtest_goroutines.txt",
		"cmd/go/testdata/script/test_flag.txt",
		"cmd/go/testdata/script/test_flags.txt",
		"cmd/go/testdata/script/test_fullpath.txt",
		"cmd/go/testdata/script/test_fuzz.txt",
		"cmd/go/testdata/script/test_fuzz_cache.txt",
		"cmd/go/testdata/script/test_fuzz_cgo.txt",
		"cmd/go/testdata/script/test_fuzz_chatty.txt",
		"cmd/go/testdata/script/test_fuzz_cleanup.txt",
		"cmd/go/testdata/script/test_fuzz_context.txt",
		"cmd/go/testdata/script/test_fuzz_cov.txt",
		"cmd/go/testdata/script/test_fuzz_deadline.txt",
		"cmd/go/testdata/script/test_fuzz_dup_cache.txt",
		"cmd/go/testdata/script/test_fuzz_err_deadlock.txt",
		"cmd/go/testdata/script/test_fuzz_fuzztime.txt",
		"cmd/go/testdata/script/test_fuzz_io_error.txt",
		"cmd/go/testdata/script/test_fuzz_limit_dup_entry.txt",
		"cmd/go/testdata/script/test_fuzz_match.txt",
		"cmd/go/testdata/script/test_fuzz_minimize.txt",
		"cmd/go/testdata/script/test_fuzz_minimize_dirty_cov.txt",
		"cmd/go/testdata/script/test_fuzz_minimize_interesting.txt",
		"cmd/go/testdata/script/test_fuzz_modcache.txt",
		"cmd/go/testdata/script/test_fuzz_multiple.txt",
		"cmd/go/testdata/script/test_fuzz_mutate_crash.txt",
		"cmd/go/testdata/script/test_fuzz_mutate_fail.txt",
		"cmd/go/testdata/script/test_fuzz_mutator.txt",
		"cmd/go/testdata/script/test_fuzz_mutator_repeat.txt",
		"cmd/go/testdata/script/test_fuzz_non_crash_signal.txt",
		"cmd/go/testdata/script/test_fuzz_parallel.txt",
		"cmd/go/testdata/script/test_fuzz_profile_flags.txt",
		"cmd/go/testdata/script/test_fuzz_return.txt",
		"cmd/go/testdata/script/test_fuzz_run.txt",
		"cmd/go/testdata/script/test_fuzz_seed_corpus.txt",
		"cmd/go/testdata/script/test_fuzz_setenv.txt",
		"cmd/go/testdata/script/test_fuzz_test_race.txt",
		"cmd/go/testdata/script/test_fuzz_unsupported.txt",
		"cmd/go/testdata/script/test_generated_main.txt",
		"cmd/go/testdata/script/test_go111module_cache.txt",
		"cmd/go/testdata/script/test_goroot_PATH.txt",
		"cmd/go/testdata/script/test_import_error_stack.txt",
		"cmd/go/testdata/script/test_issue45477.txt",
		"cmd/go/testdata/script/test_json.txt",
		"cmd/go/testdata/script/test_json_build.txt",
		"cmd/go/testdata/script/test_json_exit.txt",
		"cmd/go/testdata/script/test_json_interleaved.txt",
		"cmd/go/testdata/script/test_json_issue35169.txt",
		"cmd/go/testdata/script/test_json_panic_exit.txt",
		"cmd/go/testdata/script/test_json_prints.txt",
		"cmd/go/testdata/script/test_json_timeout.txt",
		"cmd/go/testdata/script/test_main.txt",
		"cmd/go/testdata/script/test_main_archive.txt",
		"cmd/go/testdata/script/test_main_panic.txt",
		"cmd/go/testdata/script/test_main_twice.txt",
		"cmd/go/testdata/script/test_match_benchmark_labels.txt",
		"cmd/go/testdata/script/test_match_no_benchmarks.txt",
		"cmd/go/testdata/script/test_match_no_subtests.txt",
		"cmd/go/testdata/script/test_match_no_subtests_failure.txt",
		"cmd/go/testdata/script/test_match_no_subtests_parallel.txt",
		"cmd/go/testdata/script/test_match_no_tests.txt",
		"cmd/go/testdata/script/test_match_no_tests_build_failure.txt",
		"cmd/go/testdata/script/test_match_no_tests_with_subtests.txt",
		"cmd/go/testdata/script/test_match_only_benchmarks.txt",
		"cmd/go/testdata/script/test_match_only_example.txt",
		"cmd/go/testdata/script/test_match_only_subtests.txt",
		"cmd/go/testdata/script/test_match_only_subtests_parallel.txt",
		"cmd/go/testdata/script/test_match_only_tests.txt",
		"cmd/go/testdata/script/test_minus_n.txt",
		"cmd/go/testdata/script/test_multivcs.txt",
		"cmd/go/testdata/script/test_n_cover_std.txt",
		"cmd/go/testdata/script/test_no_run_example.txt",
		"cmd/go/testdata/script/test_no_tests.txt",
		"cmd/go/testdata/script/test_overlay.txt",
		"cmd/go/testdata/script/test_parallel_number.txt",
		"cmd/go/testdata/script/test_ppc64_linker_funcs.txt",
		"cmd/go/testdata/script/test_ppc64le_cgo_inline_plt.txt",
		"cmd/go/testdata/script/test_print.txt",
		"cmd/go/testdata/script/test_profile.txt",
		"cmd/go/testdata/script/test_race.txt",
		"cmd/go/testdata/script/test_race_cover_mode_issue20435.txt",
		"cmd/go/testdata/script/test_race_install.txt",
		"cmd/go/testdata/script/test_race_install_cgo.txt",
		"cmd/go/testdata/script/test_race_issue26995.txt",
		"cmd/go/testdata/script/test_race_tag.txt",
		"cmd/go/testdata/script/test_rebuildall.txt",
		"cmd/go/testdata/script/test_regexps.txt",
		"cmd/go/testdata/script/test_relative_cmdline.txt",
		"cmd/go/testdata/script/test_relative_import.txt",
		"cmd/go/testdata/script/test_script_cmdcd.txt",
		"cmd/go/testdata/script/test_setup_error.txt",
		"cmd/go/testdata/script/test_shuffle.txt",
		"cmd/go/testdata/script/test_skip.txt",
		"cmd/go/testdata/script/test_source_order.txt",
		"cmd/go/testdata/script/test_status.txt",
		"cmd/go/testdata/script/test_syntax_error_says_fail.txt",
		"cmd/go/testdata/script/test_timeout.txt",
		"cmd/go/testdata/script/test_timeout_stdin.txt",
		"cmd/go/testdata/script/test_trimpath.txt",
		"cmd/go/testdata/script/test_trimpath_main.txt",
		"cmd/go/testdata/script/test_trimpath_test_suffix.txt",
		"cmd/go/testdata/script/test_vendor.txt",
		"cmd/go/testdata/script/test_vet.txt",
		"cmd/go/testdata/script/test_write_profiles_on_timeout.txt",
		"cmd/go/testdata/script/test_xtestonly_works.txt",
		"cmd/go/testdata/script/testing_coverage.txt",
		"cmd/go/testdata/script/testing_issue40908.txt",
		"cmd/go/testdata/script/tool_build_as_needed.txt",
		"cmd/go/testdata/script/tool_exename.txt",
		"cmd/go/testdata/script/tool_n_issue72824.txt",
		"cmd/go/testdata/script/toolexec.txt",
		"cmd/go/testdata/script/tooltags.txt",
		"cmd/go/testdata/script/trampoline_reuse_test.txt",
		"cmd/go/testdata/script/vendor_complex.txt",
		"cmd/go/testdata/script/vendor_gopath_issue11409.txt",
		"cmd/go/testdata/script/vendor_import.txt",
		"cmd/go/testdata/script/vendor_import_missing.txt",
		"cmd/go/testdata/script/vendor_import_wrong.txt",
		"cmd/go/testdata/script/vendor_internal.txt",
		"cmd/go/testdata/script/vendor_issue12156.txt",
		"cmd/go/testdata/script/vendor_list_issue11977.txt",
		"cmd/go/testdata/script/vendor_outside_module.txt",
		"cmd/go/testdata/script/vendor_resolve.txt",
		"cmd/go/testdata/script/vendor_test_issue11864.txt",
		"cmd/go/testdata/script/vendor_test_issue14613.txt",
		"cmd/go/testdata/script/version.txt",
		"cmd/go/testdata/script/version_build_settings.txt",
		"cmd/go/testdata/script/version_buildvcs_bzr.txt",
		"cmd/go/testdata/script/version_buildvcs_fossil.txt",
		"cmd/go/testdata/script/version_buildvcs_git.txt",
		"cmd/go/testdata/script/version_buildvcs_hg.txt",
		"cmd/go/testdata/script/version_buildvcs_nested.txt",
		"cmd/go/testdata/script/version_buildvcs_svn.txt",
		"cmd/go/testdata/script/version_cshared.txt",
		"cmd/go/testdata/script/version_gc_sections.txt",
		"cmd/go/testdata/script/version_goexperiment.txt",
		"cmd/go/testdata/script/version_replace.txt",
		"cmd/go/testdata/script/vet.txt",
		"cmd/go/testdata/script/vet_asm.txt",
		"cmd/go/testdata/script/vet_commandline.txt",
		"cmd/go/testdata/script/vet_deps.txt",
		"cmd/go/testdata/script/vet_flags.txt",
		"cmd/go/testdata/script/vet_internal.txt",
		"cmd/go/testdata/script/work.txt",
		"cmd/go/testdata/script/work_build_no_modules.txt",
		"cmd/go/testdata/script/work_disablevendor.txt",
		"cmd/go/testdata/script/work_edit.txt",
		"cmd/go/testdata/script/work_edit_toolchain.txt",
		"cmd/go/testdata/script/work_empty_panic_GOPATH.txt",
		"cmd/go/testdata/script/work_env.txt",
		"cmd/go/testdata/script/work_errors_pos.txt",
		"cmd/go/testdata/script/work_get_toolchain.txt",
		"cmd/go/testdata/script/work_goline_order.txt",
		"cmd/go/testdata/script/work_goproxy_off.txt",
		"cmd/go/testdata/script/work_gowork.txt",
		"cmd/go/testdata/script/work_implicit_go_requirement.txt",
		"cmd/go/testdata/script/work_init_gowork.txt",
		"cmd/go/testdata/script/work_init_path.txt",
		"cmd/go/testdata/script/work_init_toolchain.txt",
		"cmd/go/testdata/script/work_install_submodule.txt",
		"cmd/go/testdata/script/work_issue51204.txt",
		"cmd/go/testdata/script/work_issue54048.txt",
		"cmd/go/testdata/script/work_issue54372.txt",
		"cmd/go/testdata/script/work_module_not_in_go_work.txt",
		"cmd/go/testdata/script/work_no_mod_root_issue54419.txt",
		"cmd/go/testdata/script/work_nowork.txt",
		"cmd/go/testdata/script/work_overlay.txt",
		"cmd/go/testdata/script/work_prune.txt",
		"cmd/go/testdata/script/work_prune_all.txt",
		"cmd/go/testdata/script/work_regression_hang.txt",
		"cmd/go/testdata/script/work_reject_modfile.txt",
		"cmd/go/testdata/script/work_replace.txt",
		"cmd/go/testdata/script/work_replace_conflict.txt",
		"cmd/go/testdata/script/work_replace_conflict_override.txt",
		"cmd/go/testdata/script/work_replace_main_module.txt",
		"cmd/go/testdata/script/work_sum.txt",
		"cmd/go/testdata/script/work_sum_mismatch.txt",
		"cmd/go/testdata/script/work_sync.txt",
		"cmd/go/testdata/script/work_sync_irrelevant_dependency.txt",
		"cmd/go/testdata/script/work_sync_missing_module.txt",
		"cmd/go/testdata/script/work_sync_relevant_dependency.txt",
		"cmd/go/testdata/script/work_sync_sum.txt",
		"cmd/go/testdata/script/work_sync_toolchain.txt",
		"cmd/go/testdata/script/work_use.txt",
		"cmd/go/testdata/script/work_use_deleted.txt",
		"cmd/go/testdata/script/work_use_dot.txt",
		"cmd/go/testdata/script/work_use_issue50958.txt",
		"cmd/go/testdata/script/work_use_issue55952.txt",
		"cmd/go/testdata/script/work_use_only_dirs.txt",
		"cmd/go/testdata/script/work_use_symlink_issue68383.txt",
		"cmd/go/testdata/script/work_use_toolchain.txt",
		"cmd/go/testdata/script/work_vendor_empty.txt",
		"cmd/go/testdata/script/work_vendor_main_module_replaced.txt",
		"cmd/go/testdata/script/work_vendor_modules_txt_conditional.txt",
		"cmd/go/testdata/script/work_vendor_modules_txt_consistent.txt",
		"cmd/go/testdata/script/work_vendor_prune.txt",
		"cmd/go/testdata/script/work_vendor_prune_all.txt",
		"cmd/go/testdata/script/work_vet.txt",
		"cmd/go/testdata/script/work_why_download_graph.txt",
		"cmd/go/testdata/script/ws2_32.txt",
		"cmd/link/testdata/script/README",
		"cmd/link/testdata/script/randlayout_option.txt",
		"cmd/link/testdata/script/script_test_basics.txt",
	},
	"reads": map[string]int{
		".":                           1,
		"archive":                     1,
		"arena":                       1,
		"bufio":                       1,
		"builtin":                     1,
		"bytes":                       1,
		"cmd":                         1,
		"cmd/compile/testdata/script": 1,
		"cmd/go/testdata/script":      1,
		"cmd/link/testdata/script":    1,
		"cmp":                         1,
		"compress":                    1,
		"container":                   1,
		"context":                     1,
		"crypto":                      1,
		"database":                    1,
		"debug":                       1,
		"embed":                       1,
		"encoding":                    1,
		"errors":                      1,
		"expvar":                      1,
		"flag":                        1,
		"fmt":                         1,
		"go":                          1,
		"hash":                        1,
		"html":                        1,
		"image":                       1,
		"index":                       1,
		"internal":                    1,
		"io":                          1,
		"iter":                        1,
		"log":                         1,
		"maps":                        1,
		"math":                        1,
		"mime":                        1,
		"net":                         1,
		"os":                          1,
		"path":                        1,
		"plugin":                      1,
		"reflect":                     1,
		"regexp":                      1,
		"runtime":                     1,
		"slices":                      1,
		"sort":                        1,
		"strconv":                     1,
		"strings":                     1,
		"structs":                     1,
		"sync":                        1,
		"syscall":                     1,
		"testdata":                    1,
		"testing":                     1,
		"text":                        1,
		"time":                        1,
		"unicode":                     1,
		"unique":                      1,
		"unsafe":                      1,
		"vendor":                      1,
		"weak":                        1,
	},
}
